[jk-studio-dev.com/templates/andale/index.html]
[jk-studio-dev.com/templates/andale/assets/css/fa.all.min.css]
[jk-studio-dev.com/templates/andale/assets/css/icofont.min.css]
[jk-studio-dev.com/templates/andale/assets/css/swiper.min.css]
[jk-studio-dev.com/templates/andale/assets/css/modal-video.min.css]
[jk-studio-dev.com/templates/andale/assets/css/magnific-popup.min.css]
[jk-studio-dev.com/templates/andale/assets/css/fonts.css]
[jk-studio-dev.com/templates/andale/assets/css/animate.min.css]
[backblue.gif]
[fade.gif]
[index.html]
[jk-studio-dev.com/templates/andale/assets/css/main.css]
[jk-studio-dev.com/templates/andale/assets/img/general/logo.png]
[jk-studio-dev.com/templates/andale/index-2.html]
[jk-studio-dev.com/templates/andale/home-agency.html]
[jk-studio-dev.com/templates/andale/home-blogger.html]
[jk-studio-dev.com/templates/andale/home-creative.html]
[jk-studio-dev.com/templates/andale/home-digital.html]
[jk-studio-dev.com/templates/andale/home-innovation.html]
[jk-studio-dev.com/templates/andale/home-interactive.html]
[jk-studio-dev.com/templates/andale/home-modern.html]
[jk-studio-dev.com/templates/andale/home-start-up.html]
[jk-studio-dev.com/templates/andale/about.html]
[jk-studio-dev.com/templates/andale/services.html]
[jk-studio-dev.com/templates/andale/team.html]
[jk-studio-dev.com/templates/andale/contact.html]
[jk-studio-dev.com/templates/andale/pricing.html]
[jk-studio-dev.com/templates/andale/faq.html]
[jk-studio-dev.com/templates/andale/404.html]
[jk-studio-dev.com/templates/andale/blog-default.html]
[jk-studio-dev.com/templates/andale/blog-default-wide.html]
[jk-studio-dev.com/templates/andale/blog-default-sidebar.html]
[jk-studio-dev.com/templates/andale/blog-creative.html]
[jk-studio-dev.com/templates/andale/blog-creative-wide.html]
[jk-studio-dev.com/templates/andale/blog-creative-sidebar.html]
[jk-studio-dev.com/templates/andale/blog-digital.html]
[jk-studio-dev.com/templates/andale/blog-digital-wide.html]
[jk-studio-dev.com/templates/andale/blog-digital-sidebar.html]
[jk-studio-dev.com/templates/andale/blog-modern.html]
[jk-studio-dev.com/templates/andale/blog-modern-wide.html]
[jk-studio-dev.com/templates/andale/blog-modern-sidebar.html]
[jk-studio-dev.com/templates/andale/blog-simple.html]
[jk-studio-dev.com/templates/andale/blog-simple-wide.html]
[jk-studio-dev.com/templates/andale/blog-simple-sidebar.html]
[jk-studio-dev.com/templates/andale/single-post-1.html]
[jk-studio-dev.com/templates/andale/single-post-2.html]
[jk-studio-dev.com/templates/andale/single-post-3.html]
[jk-studio-dev.com/templates/andale/portfolio-default.html]
[jk-studio-dev.com/templates/andale/portfolio-creative.html]
[jk-studio-dev.com/templates/andale/portfolio-digital.html]
[jk-studio-dev.com/templates/andale/portfolio-modern.html]
[jk-studio-dev.com/templates/andale/portfolio-simple.html]
[jk-studio-dev.com/templates/andale/portfolio-scale.html]
[jk-studio-dev.com/templates/andale/portfolio-additional-gallery.html]
[jk-studio-dev.com/templates/andale/portfolio-additional-parallax-slider.html]
[jk-studio-dev.com/templates/andale/single-project-1.html]
[jk-studio-dev.com/templates/andale/single-project-2.html]
[jk-studio-dev.com/templates/andale/single-project-3.html]
[jk-studio-dev.com/templates/andale/elements-accordions.html]
[jk-studio-dev.com/templates/andale/elements-alert-messages.html]
[jk-studio-dev.com/templates/andale/elements-banners.html]
[jk-studio-dev.com/templates/andale/elements-blockquotes.html]
[jk-studio-dev.com/templates/andale/elements-buttons.html]
[jk-studio-dev.com/templates/andale/elements-call-to-action.html]
[jk-studio-dev.com/templates/andale/elements-clients.html]
[jk-studio-dev.com/templates/andale/elements-columns.html]
[jk-studio-dev.com/templates/andale/elements-contact-forms.html]
[jk-studio-dev.com/templates/andale/elements-counters.html]
[jk-studio-dev.com/templates/andale/elements-dividers.html]
[jk-studio-dev.com/templates/andale/elements-fancy-text.html]
[jk-studio-dev.com/templates/andale/elements-footers.html]
[jk-studio-dev.com/templates/andale/elements-google-maps.html]
[jk-studio-dev.com/templates/andale/elements-highlights.html]
[jk-studio-dev.com/templates/andale/elements-icon-boxes.html]
[jk-studio-dev.com/templates/andale/elements-image-gallery.html]
[jk-studio-dev.com/templates/andale/elements-lists.html]
[jk-studio-dev.com/templates/andale/elements-newsletter.html]
[jk-studio-dev.com/templates/andale/elements-posts-sliders.html]
[jk-studio-dev.com/templates/andale/elements-pricing.html]
[jk-studio-dev.com/templates/andale/elements-progress-bars.html]
[jk-studio-dev.com/templates/andale/elements-sliders.html]
[jk-studio-dev.com/templates/andale/elements-social.html]
[jk-studio-dev.com/templates/andale/elements-tabs.html]
[jk-studio-dev.com/templates/andale/elements-team-members.html]
[jk-studio-dev.com/templates/andale/elements-testimonials.html]
[jk-studio-dev.com/templates/andale/elements-timelines.html]
[jk-studio-dev.com/templates/andale/elements-typography.html]
[jk-studio-dev.com/templates/andale/elements-video-toggles.html]
[jk-studio-dev.com/templates/andale/assets/img/hero-scene/hero-1.jpg]
[jk-studio-dev.com/templates/andale/assets/img/content-sections/content-image-1.jpg]
[jk-studio-dev.com/templates/andale/assets/img/portfolio/portfolio-1.jpg]
[jk-studio-dev.com/templates/andale/assets/img/portfolio/portfolio-2.jpg]
[jk-studio-dev.com/templates/andale/assets/img/portfolio/portfolio-3.jpg]
[jk-studio-dev.com/templates/andale/assets/img/portfolio/portfolio-4.jpg]
[jk-studio-dev.com/templates/andale/assets/img/portfolio/portfolio-5.jpg]
[jk-studio-dev.com/templates/andale/assets/img/portfolio/portfolio-6.jpg]
[jk-studio-dev.com/templates/andale/assets/img/portfolio/portfolio-7.jpg]
[jk-studio-dev.com/templates/andale/assets/img/portfolio/portfolio-8.jpg]
[jk-studio-dev.com/templates/andale/assets/img/portfolio/portfolio-9.jpg]
[jk-studio-dev.com/templates/andale/assets/img/portfolio/portfolio-10.jpg]
[jk-studio-dev.com/templates/andale/assets/img/portfolio/portfolio-11.jpg]
[jk-studio-dev.com/templates/andale/assets/img/portfolio/portfolio-12.jpg]
[jk-studio-dev.com/templates/andale/assets/img/blog/blog-img-1.jpg]
[jk-studio-dev.com/templates/andale/assets/img/additional/person-1.jpg]
[jk-studio-dev.com/templates/andale/assets/img/blog/blog-img-9.jpg]
[jk-studio-dev.com/templates/andale/assets/img/additional/person-2.jpg]
[jk-studio-dev.com/templates/andale/assets/img/blog/blog-img-5.jpg]
[jk-studio-dev.com/templates/andale/assets/img/additional/person-3.jpg]
[jk-studio-dev.com/templates/andale/assets/img/blog/blog-img-8.jpg]
[jk-studio-dev.com/templates/andale/assets/img/content-sections/content-image-15.jpg]
[jk-studio-dev.com/templates/andale/assets/img/additional/recent-post-1.jpg]
[jk-studio-dev.com/templates/andale/assets/img/additional/recent-post-2.jpg]
[jk-studio-dev.com/templates/andale/assets/img/additional/recent-post-3.jpg]
[jk-studio-dev.com/templates/andale/assets/img/additional/category-1.jpg]
[jk-studio-dev.com/templates/andale/assets/img/additional/category-2.jpg]
[jk-studio-dev.com/templates/andale/assets/img/additional/category-3.jpg]
[jk-studio-dev.com/templates/andale/assets/img/additional/category-4.jpg]
[jk-studio-dev.com/templates/andale/assets/js/jquery.min.js]
[jk-studio-dev.com/templates/andale/assets/js/imagesloaded.pkgd.min.js]
[jk-studio-dev.com/templates/andale/assets/js/TweenMax.min.js]
[jk-studio-dev.com/templates/andale/assets/js/swiper.min.js]
[jk-studio-dev.com/templates/andale/assets/js/isotope.pkgd.min.js]
[jk-studio-dev.com/templates/andale/assets/js/tilt.jquery.min.js]
[jk-studio-dev.com/templates/andale/assets/js/particles.min.js]
[jk-studio-dev.com/templates/andale/assets/js/jquery.waypoints.min.js]
[jk-studio-dev.com/templates/andale/assets/js/progressbar.min.js]
[jk-studio-dev.com/templates/andale/assets/js/jquery.sticky-sidebar.js]
[jk-studio-dev.com/templates/andale/assets/js/scrollToPlugin.min.js]
[jk-studio-dev.com/templates/andale/assets/js/typed.min.js]
[jk-studio-dev.com/templates/andale/assets/js/jquery.magnific-popup.min.js]
[jk-studio-dev.com/templates/andale/assets/js/jquery-modal-video.min.js]
[jk-studio-dev.com/templates/andale/assets/js/wow.min.js]
[jk-studio-dev.com/templates/andale/index.html]
[jk-studio-dev.com/templates/andale/assets/js/main.js]
[jk-studio-dev.com/templates/andale/assets/webfonts/fa-brands-400.eot]
[jk-studio-dev.com/templates/andale/assets/webfonts/fa-brands-400d41d.eot]
[jk-studio-dev.com/templates/andale/assets/webfonts/fa-brands-400.woff2]
[jk-studio-dev.com/templates/andale/assets/webfonts/fa-brands-400.woff]
[jk-studio-dev.com/templates/andale/assets/webfonts/fa-brands-400.ttf]
[jk-studio-dev.com/templates/andale/assets/webfonts/fa-regular-400.eot]
[jk-studio-dev.com/templates/andale/assets/webfonts/fa-regular-400d41d.eot]
[jk-studio-dev.com/templates/andale/assets/webfonts/fa-regular-400.woff2]
[jk-studio-dev.com/templates/andale/assets/webfonts/fa-regular-400.woff]
[jk-studio-dev.com/templates/andale/assets/webfonts/fa-regular-400.ttf]
[jk-studio-dev.com/templates/andale/assets/webfonts/fa-solid-900.eot]
[jk-studio-dev.com/templates/andale/assets/webfonts/fa-solid-900d41d.eot]
[jk-studio-dev.com/templates/andale/assets/webfonts/fa-solid-900.woff2]
[jk-studio-dev.com/templates/andale/assets/webfonts/fa-solid-900.woff]
[jk-studio-dev.com/templates/andale/assets/webfonts/fa-solid-900.ttf]
[jk-studio-dev.com/templates/andale/assets/css/fa.all.min.css]
[jk-studio-dev.com/templates/andale/assets/css/fonts/icofont.woff2]
[jk-studio-dev.com/templates/andale/assets/css/fonts/icofont.woff]
[jk-studio-dev.com/templates/andale/assets/css/icofont.min.css]
[jk-studio-dev.com/templates/andale/assets/css/swiper.min.css]
[jk-studio-dev.com/templates/andale/assets/css/modal-video.min.css]
[jk-studio-dev.com/templates/andale/assets/css/magnific-popup.min.css]
[jk-studio-dev.com/templates/andale/assets/fonts/Poppins/Poppins-ThinItalic.ttf]
[jk-studio-dev.com/templates/andale/assets/fonts/Poppins/Poppins-Thin.ttf]
[jk-studio-dev.com/templates/andale/assets/fonts/Poppins/Poppins-ExtraLightItalic.ttf]
[jk-studio-dev.com/templates/andale/assets/fonts/Poppins/Poppins-ExtraLight.ttf]
[jk-studio-dev.com/templates/andale/assets/fonts/Poppins/Poppins-LightItalic.ttf]
[jk-studio-dev.com/templates/andale/assets/fonts/Poppins/Poppins-Light.ttf]
[jk-studio-dev.com/templates/andale/assets/fonts/Poppins/Poppins-RegularItalic.ttf]
[jk-studio-dev.com/templates/andale/assets/fonts/Poppins/Poppins-Regular.ttf]
[jk-studio-dev.com/templates/andale/assets/fonts/Poppins/Poppins-MediumItalic.ttf]
[jk-studio-dev.com/templates/andale/assets/fonts/Poppins/Poppins-Medium.ttf]
[jk-studio-dev.com/templates/andale/assets/fonts/Poppins/Poppins-SemiBoldItalic.ttf]
[jk-studio-dev.com/templates/andale/assets/fonts/Poppins/Poppins-SemiBold.ttf]
[jk-studio-dev.com/templates/andale/assets/fonts/Poppins/Poppins-BoldItalic.ttf]
[jk-studio-dev.com/templates/andale/assets/fonts/Poppins/Poppins-Bold.ttf]
[jk-studio-dev.com/templates/andale/assets/fonts/Poppins/Poppins-ExtraBoldItalic.ttf]
[jk-studio-dev.com/templates/andale/assets/fonts/Poppins/Poppins-ExtraBold.ttf]
[jk-studio-dev.com/templates/andale/assets/fonts/Poppins/Poppins-BlackItalic.ttf]
[jk-studio-dev.com/templates/andale/assets/fonts/Poppins/Poppins-Black.ttf]
[jk-studio-dev.com/templates/andale/assets/css/fonts.css]
[jk-studio-dev.com/templates/andale/assets/css/animate.min.css]
[jk-studio-dev.com/templates/andale/assets/css/main.css]
[jk-studio-dev.com/templates/andale/index-2.html]
[jk-studio-dev.com/templates/andale/assets/img/content-sections/content-image-7.jpg]
[jk-studio-dev.com/templates/andale/assets/img/content-sections/content-image-11.jpg]
[jk-studio-dev.com/templates/andale/assets/img/additional/person-4.jpg]
[jk-studio-dev.com/templates/andale/assets/img/additional/person-5.jpg]
[jk-studio-dev.com/templates/andale/assets/img/blog/blog-img-4.jpg]
[jk-studio-dev.com/templates/andale/assets/img/blog/blog-img-2.jpg]
[jk-studio-dev.com/templates/andale/assets/img/blog/blog-img-3.jpg]
[jk-studio-dev.com/templates/andale/assets/img/content-sections/content-image-6.jpg]
[jk-studio-dev.com/templates/andale/home-agency.html]
[jk-studio-dev.com/templates/andale/assets/img/content-sections/content-image-17.jpg]
[jk-studio-dev.com/templates/andale/assets/img/gallery/gallery-1.jpg]
[jk-studio-dev.com/templates/andale/assets/img/gallery/gallery-2.jpg]
[jk-studio-dev.com/templates/andale/assets/img/gallery/gallery-6.jpg]
[jk-studio-dev.com/templates/andale/assets/img/gallery/gallery-7.jpg]
[jk-studio-dev.com/templates/andale/assets/img/gallery/gallery-3.jpg]
[jk-studio-dev.com/templates/andale/home-blogger.html]
[jk-studio-dev.com/templates/andale/assets/img/clients/client-logo-1.png]
[jk-studio-dev.com/templates/andale/assets/img/clients/client-logo-2.png]
[jk-studio-dev.com/templates/andale/assets/img/clients/client-logo-3.png]
[jk-studio-dev.com/templates/andale/assets/img/clients/client-logo-4.png]
[jk-studio-dev.com/templates/andale/assets/img/clients/client-logo-5.png]
[jk-studio-dev.com/templates/andale/assets/img/general/logo-light.png]
[jk-studio-dev.com/templates/andale/home-creative.html]
[jk-studio-dev.com/templates/andale/assets/img/hero-scene/bg-img-1.jpg]
[jk-studio-dev.com/templates/andale/assets/img/hero-scene/bg-img-2.jpg]
[jk-studio-dev.com/templates/andale/assets/img/hero-scene/bg-img-3.jpg]
[jk-studio-dev.com/templates/andale/assets/img/hero-scene/bg-img-4.jpg]
[jk-studio-dev.com/templates/andale/assets/img/hero-scene/bg-img-5.jpg]
[jk-studio-dev.com/templates/andale/assets/img/hero-scene/bg-img-6.jpg]
[jk-studio-dev.com/templates/andale/assets/img/hero-scene/bg-img-7.jpg]
[jk-studio-dev.com/templates/andale/assets/img/hero-scene/bg-img-8.jpg]
[jk-studio-dev.com/templates/andale/assets/img/content-sections/content-image-4.jpg]
[jk-studio-dev.com/templates/andale/assets/img/content-sections/content-image-5.jpg]
[jk-studio-dev.com/templates/andale/assets/img/content-sections/content-image-2.jpg]
[jk-studio-dev.com/templates/andale/home-digital.html]
[jk-studio-dev.com/templates/andale/assets/img/hero-slider/slide-wide-1.jpg]
[jk-studio-dev.com/templates/andale/assets/img/hero-slider/slide-wide-2.jpg]
[jk-studio-dev.com/templates/andale/assets/img/hero-slider/slide-wide-3.jpg]
[jk-studio-dev.com/templates/andale/assets/img/hero-slider/slide-wide-4.jpg]
[jk-studio-dev.com/templates/andale/assets/img/hero-slider/slide-wide-5.jpg]
[jk-studio-dev.com/templates/andale/assets/img/hero-slider/slide-wide-6.jpg]
[jk-studio-dev.com/templates/andale/assets/img/content-sections/content-image-10.jpg]
[jk-studio-dev.com/templates/andale/home-innovation.html]
[jk-studio-dev.com/templates/andale/assets/img/hero-slider/slide-full-width-1.jpg]
[jk-studio-dev.com/templates/andale/assets/img/hero-slider/slide-full-width-2.jpg]
[jk-studio-dev.com/templates/andale/assets/img/hero-slider/slide-full-width-3.jpg]
[jk-studio-dev.com/templates/andale/assets/img/hero-slider/slide-full-width-4.jpg]
[jk-studio-dev.com/templates/andale/assets/img/hero-slider/slide-full-width-5.jpg]
[jk-studio-dev.com/templates/andale/assets/img/hero-slider/slide-full-width-6.jpg]
[jk-studio-dev.com/templates/andale/assets/img/additional/person-full-3.jpg]
[jk-studio-dev.com/templates/andale/assets/img/additional/person-full-1.jpg]
[jk-studio-dev.com/templates/andale/assets/img/additional/person-full-2.jpg]
[jk-studio-dev.com/templates/andale/assets/img/additional/person-full-4.jpg]
[jk-studio-dev.com/templates/andale/assets/img/hero-slider/slide-1.jpg]
[jk-studio-dev.com/templates/andale/assets/img/hero-slider/slide-2.jpg]
[jk-studio-dev.com/templates/andale/assets/img/hero-slider/slide-3.jpg]
[jk-studio-dev.com/templates/andale/assets/img/hero-slider/slide-4.jpg]
[jk-studio-dev.com/templates/andale/assets/img/hero-slider/slide-5.jpg]
[jk-studio-dev.com/templates/andale/assets/img/hero-slider/slide-6.jpg]
[jk-studio-dev.com/templates/andale/assets/img/hero-slider/slide-7.jpg]
[jk-studio-dev.com/templates/andale/assets/img/hero-slider/slide-8.jpg]
[jk-studio-dev.com/templates/andale/assets/img/hero-slider/slide-9.jpg]
[jk-studio-dev.com/templates/andale/home-interactive.html]
[jk-studio-dev.com/templates/andale/assets/img/content-sections/content-image-8.jpg]
[jk-studio-dev.com/templates/andale/assets/img/content-sections/content-image-9.jpg]
[jk-studio-dev.com/templates/andale/assets/img/team/team-member-2.jpg]
[jk-studio-dev.com/templates/andale/assets/img/team/team-member-8.jpg]
[jk-studio-dev.com/templates/andale/assets/img/team/team-member-4.jpg]
[jk-studio-dev.com/templates/andale/home-modern.html]
[jk-studio-dev.com/templates/andale/assets/img/menu/menu-image-1.jpg]
[jk-studio-dev.com/templates/andale/assets/img/menu/menu-image-2.jpg]
[jk-studio-dev.com/templates/andale/assets/img/menu/menu-image-3.jpg]
[jk-studio-dev.com/templates/andale/assets/img/menu/menu-image-4.jpg]
[jk-studio-dev.com/templates/andale/assets/img/menu/menu-image-5.jpg]
[jk-studio-dev.com/templates/andale/assets/img/clients/client-logo-black-1.png]
[jk-studio-dev.com/templates/andale/assets/img/clients/client-logo-black-2.png]
[jk-studio-dev.com/templates/andale/assets/img/clients/client-logo-black-3.png]
[jk-studio-dev.com/templates/andale/assets/img/clients/client-logo-black-4.png]
[jk-studio-dev.com/templates/andale/assets/img/clients/client-logo-black-5.png]
[jk-studio-dev.com/templates/andale/home-start-up.html]
[jk-studio-dev.com/templates/andale/about.html]
[jk-studio-dev.com/templates/andale/assets/img/content-sections/content-image-13.jpg]
[jk-studio-dev.com/templates/andale/services.html]
[jk-studio-dev.com/templates/andale/assets/img/content-sections/content-image-14.jpg]
[jk-studio-dev.com/templates/andale/assets/img/team/team-member-1.jpg]
[jk-studio-dev.com/templates/andale/assets/img/team/team-member-3.jpg]
[jk-studio-dev.com/templates/andale/assets/img/team/team-member-5.jpg]
[jk-studio-dev.com/templates/andale/assets/img/team/team-member-6.jpg]
[jk-studio-dev.com/templates/andale/team.html]
[jk-studio-dev.com/templates/andale/assets/img/content-sections/content-image-18.jpg]
[jk-studio-dev.com/templates/andale/contact.html]
[jk-studio-dev.com/templates/andale/pricing.html]
[jk-studio-dev.com/templates/andale/faq.html]
[jk-studio-dev.com/templates/andale/assets/img/content-sections/content-image-16.jpg]
[jk-studio-dev.com/templates/andale/404.html]
[jk-studio-dev.com/templates/andale/assets/img/blog/blog-img-7.jpg]
[jk-studio-dev.com/templates/andale/assets/img/blog/blog-img-10.jpg]
[jk-studio-dev.com/templates/andale/assets/img/blog/blog-img-11.jpg]
[jk-studio-dev.com/templates/andale/assets/img/blog/blog-img-6.jpg]
[jk-studio-dev.com/templates/andale/assets/img/blog/blog-img-12.jpg]
[jk-studio-dev.com/templates/andale/blog-default.html]
[jk-studio-dev.com/templates/andale/blog-default-wide.html]
[jk-studio-dev.com/templates/andale/blog-default-sidebar.html]
[jk-studio-dev.com/templates/andale/blog-creative.html]
[jk-studio-dev.com/templates/andale/blog-creative-wide.html]
[jk-studio-dev.com/templates/andale/blog-creative-sidebar.html]
[jk-studio-dev.com/templates/andale/blog-digital.html]
[jk-studio-dev.com/templates/andale/blog-digital-wide.html]
[jk-studio-dev.com/templates/andale/blog-digital-sidebar.html]
[jk-studio-dev.com/templates/andale/blog-modern.html]
[jk-studio-dev.com/templates/andale/blog-modern-wide.html]
[jk-studio-dev.com/templates/andale/blog-modern-sidebar.html]
[jk-studio-dev.com/templates/andale/blog-simple.html]
[jk-studio-dev.com/templates/andale/blog-simple-wide.html]
[jk-studio-dev.com/templates/andale/blog-simple-sidebar.html]
[jk-studio-dev.com/templates/andale/single-post-1.html]
[jk-studio-dev.com/templates/andale/single-post-2.html]
[jk-studio-dev.com/templates/andale/single-post-3.html]
[jk-studio-dev.com/templates/andale/portfolio-default.html]
[jk-studio-dev.com/templates/andale/portfolio-creative.html]
[jk-studio-dev.com/templates/andale/portfolio-digital.html]
[jk-studio-dev.com/templates/andale/portfolio-modern.html]
[jk-studio-dev.com/templates/andale/portfolio-simple.html]
[jk-studio-dev.com/templates/andale/portfolio-scale.html]
[jk-studio-dev.com/templates/andale/assets/img/gallery/gallery-5.jpg]
[jk-studio-dev.com/templates/andale/assets/img/gallery/gallery-4.jpg]
[jk-studio-dev.com/templates/andale/assets/img/gallery/gallery-8.jpg]
[jk-studio-dev.com/templates/andale/assets/img/gallery/gallery-9.jpg]
[jk-studio-dev.com/templates/andale/assets/img/gallery/gallery-10.jpg]
[jk-studio-dev.com/templates/andale/assets/img/gallery/gallery-13.jpg]
[jk-studio-dev.com/templates/andale/assets/img/gallery/gallery-11.jpg]
[jk-studio-dev.com/templates/andale/assets/img/gallery/gallery-12.jpg]
[jk-studio-dev.com/templates/andale/portfolio-additional-gallery.html]
[jk-studio-dev.com/templates/andale/portfolio-additional-parallax-slider.html]
[jk-studio-dev.com/templates/andale/single-project-1.html]
[jk-studio-dev.com/templates/andale/assets/img/content-sections/content-image-12.jpg]
[jk-studio-dev.com/templates/andale/single-project-2.html]
[jk-studio-dev.com/templates/andale/assets/img/content-sections/content-image-3.jpg]
[jk-studio-dev.com/templates/andale/single-project-3.html]
[jk-studio-dev.com/templates/andale/elements-accordions.html]
[jk-studio-dev.com/templates/andale/elements-alert-messages.html]
[jk-studio-dev.com/templates/andale/elements-banners.html]
[jk-studio-dev.com/templates/andale/elements-blockquotes.html]
[jk-studio-dev.com/templates/andale/elements-buttons.html]
[jk-studio-dev.com/templates/andale/elements-call-to-action.html]
[jk-studio-dev.com/templates/andale/elements-clients.html]
[jk-studio-dev.com/templates/andale/elements-columns.html]
[jk-studio-dev.com/templates/andale/elements-contact-forms.html]
[jk-studio-dev.com/templates/andale/elements-counters.html]
[jk-studio-dev.com/templates/andale/elements-dividers.html]
[jk-studio-dev.com/templates/andale/elements-fancy-text.html]
[jk-studio-dev.com/templates/andale/elements-footers.html]
[jk-studio-dev.com/templates/andale/elements-google-maps.html]
[jk-studio-dev.com/templates/andale/elements-highlights.html]
[jk-studio-dev.com/templates/andale/elements-icon-boxes.html]
[jk-studio-dev.com/templates/andale/elements-image-gallery.html]
[jk-studio-dev.com/templates/andale/elements-lists.html]
[jk-studio-dev.com/templates/andale/elements-newsletter.html]
[jk-studio-dev.com/templates/andale/elements-posts-sliders.html]
[jk-studio-dev.com/templates/andale/elements-pricing.html]
[jk-studio-dev.com/templates/andale/elements-progress-bars.html]
[jk-studio-dev.com/templates/andale/elements-sliders.html]
[jk-studio-dev.com/templates/andale/elements-social.html]
[jk-studio-dev.com/templates/andale/elements-tabs.html]
[jk-studio-dev.com/templates/andale/elements-team-members.html]
[jk-studio-dev.com/templates/andale/elements-testimonials.html]
[jk-studio-dev.com/templates/andale/elements-timelines.html]
[jk-studio-dev.com/templates/andale/elements-typography.html]
[jk-studio-dev.com/templates/andale/elements-video-toggles.html]
[jk-studio-dev.com/templates/andale/assets/webfonts/fa-brands-400.svg]
[jk-studio-dev.com/templates/andale/assets/webfonts/fa-regular-400.svg]
[jk-studio-dev.com/templates/andale/assets/webfonts/fa-solid-900.svg]
