[site122268.nicepage.io/indexa86b.html]
[backblue.gif]
[fade.gif]
[index.html]
[site122268.nicepage.io/Page-1.css]
[site122268.nicepage.io/nicepage.css]
[capp.nicepage.com/1eb2dcd2714488c0ef25b6236e5b3262eff266b3/nicepage.js]
[capp.nicepage.com/assets/jquery-1.9.1.min.js]
[images01.nicepage.com/4ecf64d9535ea50270c13255/5e59425f3bd35b1fbaf52198/8040d00f-6570-4fa8-a1a2-22e57c7935ad.png]
[site122268.nicepage.io/indexa86b.html]
[site122268.nicepage.io/nicepage.css]
[site122268.nicepage.io/Page-1.html]
[images01.nicepage.com/4ecf64d9535ea50270c13255/2dc13967cb2f5c68a31372bb/3510514c-44a0-4b25-9e52-bc9dbe4d0353.jpg]
[site122268.nicepage.io/Page-1.css]
[capp.nicepage.com/1eb2dcd2714488c0ef25b6236e5b3262eff266b3/nicepage.js]
[site122268.nicepage.io/Page-1.html]
[site122268.nicepage.io/Content/BundledScripts/index.html]
[site122268.nicepage.io/ABCDEFGHIJKLMNOPQRSTUVWXYZabcdefghijklmnopqrstuvwxyz0123456789+/index.html]
[site122268.nicepage.io/Content/BundledScripts/nicepage.html]
[site122268.nicepage.io/Content/BundledScripts/index.html]
[site122268.nicepage.io/Content/BundledScripts/404.html]
[site122268.nicepage.io/ABCDEFGHIJKLMNOPQRSTUVWXYZabcdefghijklmnopqrstuvwxyz0123456789+/nicepage.html]
[site122268.nicepage.io/ABCDEFGHIJKLMNOPQRSTUVWXYZabcdefghijklmnopqrstuvwxyz0123456789+/index.html]
[site122268.nicepage.io/Content/BundledScripts/nicepage.html]
[site122268.nicepage.io/Content/BundledScripts/404.html]
[site122268.nicepage.io/ABCDEFGHIJKLMNOPQRSTUVWXYZabcdefghijklmnopqrstuvwxyz0123456789+/nicepage.html]
[site122268.nicepage.io/ABCDEFGHIJKLMNOPQRSTUVWXYZabcdefghijklmnopqrstuvwxyz0123456789+/404.html]
[site122268.nicepage.io/ABCDEFGHIJKLMNOPQRSTUVWXYZabcdefghijklmnopqrstuvwxyz0123456789+/404.html]
