[paul-themes.com/html/bauhaus-op/demo/index.html]
[paul-themes.com/html/bauhaus-op/demo/favicon.png]
[paul-themes.com/html/bauhaus-op/demo/apple-touch-icon.png]
[paul-themes.com/html/bauhaus-op/demo/apple-touch-icon-72x72.png]
[paul-themes.com/html/bauhaus-op/demo/apple-touch-icon-114x114.png]
[backblue.gif]
[fade.gif]
[index.html]
[paul-themes.com/html/bauhaus-op/demo/images/brand.png]
[paul-themes.com/html/bauhaus-op/demo/css/style.css]
[paul-themes.com/html/bauhaus-op/demo/images/slider/slide1.jpg]
[paul-themes.com/html/bauhaus-op/demo/images/slider/slide2.jpg]
[paul-themes.com/html/bauhaus-op/demo/images/slider/slide3.jpg]
[paul-themes.com/html/bauhaus-op/demo/images/1-470x660.jpg]
[paul-themes.com/html/bauhaus-op/demo/images/projects/1-426x574.jpg]
[paul-themes.com/html/bauhaus-op/demo/images/projects/2-426x574.jpg]
[paul-themes.com/html/bauhaus-op/demo/images/projects/3-426x574.jpg]
[paul-themes.com/html/bauhaus-op/demo/images/projects/4-426x574.jpg]
[paul-themes.com/html/bauhaus-op/demo/images/projects/5-426x574.jpg]
[paul-themes.com/html/bauhaus-op/demo/images/projects/6-426x574.jpg]
[paul-themes.com/html/bauhaus-op/demo/images/projects/7-426x574.jpg]
[paul-themes.com/html/bauhaus-op/demo/images/projects/8-426x574.jpg]
[paul-themes.com/html/bauhaus-op/demo/images/projects/1-680x680.jpg]
[paul-themes.com/html/bauhaus-op/demo/images/projects/2-680x680.jpg]
[paul-themes.com/html/bauhaus-op/demo/images/projects/3-680x680.jpg]
[paul-themes.com/html/bauhaus-op/demo/images/projects/4-680x680.jpg]
[paul-themes.com/html/bauhaus-op/demo/images/projects/5-680x680.jpg]
[paul-themes.com/html/bauhaus-op/demo/images/projects/6-680x680.jpg]
[paul-themes.com/html/bauhaus-op/demo/images/projects/7-680x680.jpg]
[paul-themes.com/html/bauhaus-op/demo/images/projects/8-680x680.jpg]
[paul-themes.com/html/bauhaus-op/demo/images/clients/1-92x92.jpg]
[paul-themes.com/html/bauhaus-op/demo/images/image-icons/icon-quote.png]
[paul-themes.com/html/bauhaus-op/demo/images/clients/2-92x92.jpg]
[paul-themes.com/html/bauhaus-op/demo/images/partners/1.png]
[paul-themes.com/html/bauhaus-op/demo/images/partners/2.png]
[paul-themes.com/html/bauhaus-op/demo/images/partners/3.png]
[paul-themes.com/html/bauhaus-op/demo/images/partners/4.png]
[paul-themes.com/html/bauhaus-op/demo/images/partners/5.png]
[paul-themes.com/html/bauhaus-op/demo/images/team/1-270x270.jpg]
[paul-themes.com/html/bauhaus-op/demo/images/team/2-270x270.jpg]
[paul-themes.com/html/bauhaus-op/demo/images/team/3-270x270.jpg]
[paul-themes.com/html/bauhaus-op/demo/images/team/4-270x270.jpg]
[paul-themes.com/html/bauhaus-op/demo/images/team/5-270x270.jpg]
[paul-themes.com/cdn-cgi/scripts/5c5dd728/cloudflare-static/email-decode.min.js]
[paul-themes.com/html/bauhaus-op/demo/js/smoothscroll.js]
[paul-themes.com/html/bauhaus-op/demo/js/bootstrap.min.js]
[paul-themes.com/html/bauhaus-op/demo/js/wow.min.js]
[paul-themes.com/html/bauhaus-op/demo/js/jquery.validate.min.js]
[paul-themes.com/html/bauhaus-op/demo/js/jquery.min.js]
[paul-themes.com/html/bauhaus-op/demo/js/jquery.magnific-popup.min.js]
[paul-themes.com/html/bauhaus-op/demo/js/owl.carousel.min.js]
[paul-themes.com/html/bauhaus-op/demo/js/gmap.js]
[paul-themes.com/html/bauhaus-op/demo/js/rev-slider/revolution.extension.actions.min.js]
[paul-themes.com/html/bauhaus-op/demo/js/rev-slider/jquery.themepunch.tools.min.js]
[paul-themes.com/html/bauhaus-op/demo/js/rev-slider/revolution.extension.carousel.min.js]
[paul-themes.com/html/bauhaus-op/demo/js/rev-slider/jquery.themepunch.revolution.min.js]
[paul-themes.com/html/bauhaus-op/demo/js/rev-slider/revolution.extension.kenburn.min.js]
[paul-themes.com/html/bauhaus-op/demo/js/rev-slider/revolution.extension.layeranimation.min.js]
[paul-themes.com/html/bauhaus-op/demo/js/rev-slider/revolution.extension.migration.min.js]
[paul-themes.com/html/bauhaus-op/demo/js/rev-slider/revolution.extension.navigation.min.js]
[paul-themes.com/html/bauhaus-op/demo/js/rev-slider/revolution.extension.parallax.min.js]
[paul-themes.com/html/bauhaus-op/demo/js/rev-slider/revolution.extension.video.min.js]
[paul-themes.com/html/bauhaus-op/demo/js/rev-slider/revolution.extension.slideanims.min.js]
[paul-themes.com/html/bauhaus-op/demo/js/rev-slider-init.js]
[paul-themes.com/html/bauhaus-op/demo/index.html]
[paul-themes.com/html/bauhaus-op/demo/js/scripts.js]
[paul-themes.com/html/bauhaus-op/demo/css/bootstrap.css]
[paul-themes.com/html/bauhaus-op/demo/css/linearicons.css]
[paul-themes.com/html/bauhaus-op/demo/css/ionicons.min.css]
[paul-themes.com/html/bauhaus-op/demo/css/animate.css]
[paul-themes.com/html/bauhaus-op/demo/css/magnific-popup.css]
[paul-themes.com/html/bauhaus-op/demo/css/jquery.pagepiling.css]
[paul-themes.com/html/bauhaus-op/demo/css/owl.carousel.css]
[paul-themes.com/html/bauhaus-op/demo/css/settings.css]
[paul-themes.com/html/bauhaus-op/demo/css/navigation.css]
[paul-themes.com/html/bauhaus-op/demo/css/layers.css]
[paul-themes.com/html/bauhaus-op/demo/images/bg/dots.png]
[paul-themes.com/html/bauhaus-op/demo/images/bg/dots2.png]
[paul-themes.com/html/bauhaus-op/demo/css/style.css]
[paul-themes.com/html/bauhaus-op/demo/fonts/glyphicons-halflings-regular.eot]
[paul-themes.com/html/bauhaus-op/demo/fonts/glyphicons-halflings-regulard41d.eot]
[paul-themes.com/html/bauhaus-op/demo/fonts/glyphicons-halflings-regular.woff2]
[paul-themes.com/html/bauhaus-op/demo/fonts/glyphicons-halflings-regular.woff]
[paul-themes.com/html/bauhaus-op/demo/fonts/glyphicons-halflings-regular.ttf]
[paul-themes.com/html/bauhaus-op/demo/fonts/glyphicons-halflings-regular.svg]
[paul-themes.com/html/bauhaus-op/demo/css/bootstrap.css]
[paul-themes.com/html/bauhaus-op/demo/fonts/ionicons28b5.eot]
[paul-themes.com/html/bauhaus-op/demo/css/ionicons.min.css]
[paul-themes.com/html/bauhaus-op/demo/fonts/ionicons28b5.svg]
[paul-themes.com/html/bauhaus-op/demo/css/linearicons.css]
[paul-themes.com/html/bauhaus-op/demo/css/animate.css]
[paul-themes.com/html/bauhaus-op/demo/css/magnific-popup.css]
[paul-themes.com/html/bauhaus-op/demo/css/jquery.pagepiling.css]
[paul-themes.com/html/bauhaus-op/demo/css/owl.video.play.png]
[paul-themes.com/html/bauhaus-op/demo/css/owl.carousel.css]
[paul-themes.com/html/bauhaus-op/demo/fonts/revicons/revicons90c6.eot]
[paul-themes.com/html/bauhaus-op/demo/fonts/revicons/revicons90c6.woff]
[paul-themes.com/html/bauhaus-op/demo/fonts/revicons/revicons90c6.ttf]
[paul-themes.com/html/bauhaus-op/demo/fonts/revicons/revicons90c6.svg]
[paul-themes.com/html/bauhaus-op/demo/fonts/ionicons28b5.woff]
[paul-themes.com/html/bauhaus-op/demo/css/openhand.cur]
[paul-themes.com/html/bauhaus-op/demo/css/closedhand.cur]
[paul-themes.com/html/bauhaus-op/demo/assets/gridtile.png]
[paul-themes.com/html/bauhaus-op/demo/fonts/ionicons28b5.ttf]
[paul-themes.com/html/bauhaus-op/demo/assets/gridtile_white.png]
[paul-themes.com/html/bauhaus-op/demo/assets/gridtile_3x3.png]
[paul-themes.com/html/bauhaus-op/demo/assets/gridtile_3x3_white.png]
[paul-themes.com/html/bauhaus-op/demo/assets/coloredbg.png]
[paul-themes.com/html/bauhaus-op/demo/css/ajax-loader.gif]
[paul-themes.com/html/bauhaus-op/demo/css/settings.css]
[paul-themes.com/html/bauhaus-op/demo/css/layers.css]
[paul-themes.com/html/bauhaus-op/demo/css/navigation.css]
[paul-themes.com/html/bauhaus-op/demo/fonts/glyphicons-halflings-regular.html]
[paul-themes.com/html/bauhaus-op/demo/fonts/glyphicons-halflings-regulard41d.html]
[paul-themes.com/html/bauhaus-op/demo/fonts/glyphicons-halflings-regular-2.html]
[paul-themes.com/html/bauhaus-op/demo/fonts/glyphicons-halflings-regular-3.html]
[paul-themes.com/html/bauhaus-op/demo/fonts/glyphicons-halflings-regular-4.html]
[paul-themes.com/html/bauhaus-op/demo/fonts/glyphicons-halflings-regular-5.html]
[paul-themes.com/html/bauhaus-op/demo/fonts/ionicons28b5.svg]
[paul-themes.com/html/bauhaus-op/demo/fonts/Linearicons.ttf]
[paul-themes.com/html/bauhaus-op/demo/css/owl.video.play.html]
[paul-themes.com/html/bauhaus-op/demo/fonts/revicons/revicons90c6.html]
[paul-themes.com/html/bauhaus-op/demo/fonts/revicons/revicons90c6-2.html]
[paul-themes.com/html/bauhaus-op/demo/fonts/revicons/revicons90c6-3.html]
[paul-themes.com/html/bauhaus-op/demo/fonts/revicons/revicons90c6-4.html]
[paul-themes.com/html/bauhaus-op/demo/css/openhand.html]
[paul-themes.com/html/bauhaus-op/demo/css/closedhand.html]
[paul-themes.com/html/bauhaus-op/demo/assets/gridtile.html]
[paul-themes.com/html/bauhaus-op/demo/assets/gridtile_white.html]
[paul-themes.com/html/bauhaus-op/demo/assets/gridtile_3x3.html]
[paul-themes.com/html/bauhaus-op/demo/assets/gridtile_3x3_white.html]
[paul-themes.com/html/bauhaus-op/demo/assets/coloredbg.html]
