[zwin.io/html/moristan/index.html]
[backblue.gif]
[fade.gif]
[index.html]
[zwin.io/html/moristan/favicon.png]
[zwin.io/html/moristan/assets/css/flaticon.css]
[zwin.io/html/moristan/assets/css/fontawesome.min.css]
[zwin.io/html/moristan/assets/css/bootstrap.min.css]
[zwin.io/html/moristan/assets/css/animate.css]
[zwin.io/html/moristan/assets/css/rpopup.min.css]
[zwin.io/html/moristan/assets/css/slick.css]
[zwin.io/html/moristan/assets/css/jquery.rprogessbar.min.css]
[zwin.io/html/moristan/assets/css/style.css]
[zwin.io/html/moristan/assets/css/responsive.css]
[zwin.io/html/moristan/assets/img/logo-2.png]
[zwin.io/html/moristan/index-2.html]
[zwin.io/html/moristan/assets/img/modal/modal-02.png]
[zwin.io/html/moristan/assets/img/04.png]
[zwin.io/html/moristan/assets/img/logo.png]
[zwin.io/html/moristan/index-3.html]
[zwin.io/html/moristan/index-4.html]
[zwin.io/html/moristan/index-5.html]
[zwin.io/html/moristan/index-6.html]
[zwin.io/html/moristan/index-7.html]
[zwin.io/html/moristan/about.html]
[zwin.io/html/moristan/blog-1.15.delayed]
[zwin.io/html/moristan/blog.html]
[zwin.io/html/moristan/blog-details.html]
[zwin.io/html/moristan/service.html]
[zwin.io/html/moristan/service-2.html]
[zwin.io/html/moristan/faq.html]
[zwin.io/html/moristan/login.html]
[zwin.io/html/moristan/login-2.html]
[zwin.io/html/moristan/gallery.html]
[zwin.io/html/moristan/help-center.html]
[zwin.io/html/moristan/membership.html]
[zwin.io/html/moristan/contact.html]
[zwin.io/html/moristan/assets/img/slider/slider-01.png]
[zwin.io/html/moristan/assets/img/slider/slider-05.png]
[zwin.io/html/moristan/assets/img/slider/slider-02.png]
[zwin.io/html/moristan/assets/img/slider/slider-03.png]
[zwin.io/html/moristan/assets/img/slider/slider-04.png]
[zwin.io/html/moristan/assets/img/icon-02.png]
[zwin.io/html/moristan/assets/img/icon-01.png]
[zwin.io/html/moristan/assets/img/icon-03.png]
[zwin.io/html/moristan/assets/img/icon-04.png]
[zwin.io/html/moristan/assets/img/01.png]
[zwin.io/html/moristan/assets/img/02.png]
[zwin.io/html/moristan/assets/img/03.png]
[zwin.io/html/moristan/assets/img/doctor/1.png]
[zwin.io/html/moristan/assets/img/doctor/2.png]
[zwin.io/html/moristan/assets/img/doctor/3.png]
[zwin.io/html/moristan/assets/img/testimonials/carousel-1.png]
[zwin.io/html/moristan/assets/img/testimonials/carousel-2.png]
[zwin.io/html/moristan/assets/img/testimonials/carousel-3.png]
[zwin.io/html/moristan/assets/img/testimonials/carousel-4.png]
[zwin.io/html/moristan/assets/img/testimonials/carousel-5.png]
[zwin.io/html/moristan/assets/img/testimonials/carousel-6.png]
[zwin.io/html/moristan/assets/img/testimonials/carousel-7.png]
[zwin.io/html/moristan/assets/img/06.png]
[zwin.io/html/moristan/assets/img/05.png]
[zwin.io/html/moristan/assets/img/07.png]
[zwin.io/html/moristan/assets/img/08.png]
[zwin.io/html/moristan/assets/js/jquery-migrate.min.js]
[zwin.io/html/moristan/assets/js/bootstrap.min.js]
[zwin.io/html/moristan/assets/js/jquery-3.4.1.min.js]
[zwin.io/html/moristan/assets/js/waypoints.min.js]
[zwin.io/html/moristan/assets/js/jQuery.rProgressbar.min.js]
[zwin.io/html/moristan/assets/js/slick.min.js]
[zwin.io/html/moristan/assets/js/wow.min.js]
[zwin.io/html/moristan/assets/js/selectbox.min.js]
[zwin.io/html/moristan/assets/js/jquery.rPopup.js]
[zwin.io/html/moristan/assets/js/jquery.countdown.min.js]
[zwin.io/html/moristan/assets/js/jQuery.rcounter.js]
[zwin.io/html/moristan/assets/js/goolg-map-activate.js]
[zwin.io/html/moristan/assets/js/imagesloaded.pkgd.min.js]
[zwin.io/html/moristan/assets/js/jquery-ui.js]
[zwin.io/html/moristan/assets/js/isotope.pkgd.min.js]
[zwin.io/html/moristan/index.html]
[zwin.io/html/moristan/assets/js/main.js]
[zwin.io/html/moristan/assets/fonts/Flaticon.eot]
[zwin.io/html/moristan/assets/fonts/Flaticond41d.eot]
[zwin.io/html/moristan/assets/fonts/Flaticon.woff]
[zwin.io/html/moristan/assets/fonts/Flaticon.ttf]
[zwin.io/html/moristan/assets/css/flaticon.css]
[zwin.io/html/moristan/assets/fonts/Flaticon.svg]
[zwin.io/html/moristan/assets/fonts/fa-brands-400.eot]
[zwin.io/html/moristan/assets/fonts/fa-brands-400.woff]
[zwin.io/html/moristan/assets/fonts/fa-brands-400d41d.eot]
[zwin.io/html/moristan/assets/fonts/fa-brands-400.ttf]
