[www.bsofttechnologiescochin.com/index.html]
[backblue.gif]
[fade.gif]
[index.html]
[www.bsofttechnologiescochin.com/style.css]
[www.bsofttechnologiescochin.com/slideshow.js]
[www.bsofttechnologiescochin.com/jquery-1.4.1.min.js]
[www.bsofttechnologiescochin.com/main.css]
[www.bsofttechnologiescochin.com/images/bsoftNEW.png]
[www.bsofttechnologiescochin.com/index-2.html]
[www.bsofttechnologiescochin.com/about.html]
[www.bsofttechnologiescochin.com/services.html]
[www.bsofttechnologiescochin.com/rent.html]
[www.bsofttechnologiescochin.com/contract.html]
[www.bsofttechnologiescochin.com/client.html]
[www.bsofttechnologiescochin.com/contact.html]
[www.bsofttechnologiescochin.com/picture/10.jpg]
[www.bsofttechnologiescochin.com/picture/3.jpg]
[www.bsofttechnologiescochin.com/picture/7.jpg]
[www.bsofttechnologiescochin.com/picture/4.jpg]
[www.bsofttechnologiescochin.com/picture/1.jpg]
[www.bsofttechnologiescochin.com/picture/2.jpg]
[www.bsofttechnologiescochin.com/picture/5.jpg]
[www.bsofttechnologiescochin.com/picture/6.jpg]
[www.bsofttechnologiescochin.com/picture/8.jpg]
[www.bsofttechnologiescochin.com/picture/9.jpg]
[www.bsofttechnologiescochin.com/images/quote.gif]
[www.bsofttechnologiescochin.com/images/quote2.gif]
[www.bsofttechnologiescochin.com/index.html]
[www.bsofttechnologiescochin.com/images/bg.jpg]
[www.bsofttechnologiescochin.com/images/topbg.jpg]
[www.bsofttechnologiescochin.com/images/header.jpg]
[www.bsofttechnologiescochin.com/images/header1.jpg]
[www.bsofttechnologiescochin.com/images/header2.jpg]
[www.bsofttechnologiescochin.com/images/header3.jpg]
[www.bsofttechnologiescochin.com/images/rentheader.jpg]
[www.bsofttechnologiescochin.com/images/headershort.jpg]
[www.bsofttechnologiescochin.com/images/menubg1.jpg]
[www.bsofttechnologiescochin.com/images/menubg2.jpg]
[www.bsofttechnologiescochin.com/images/sidebarbg1.jpg]
[www.bsofttechnologiescochin.com/images/metadatabg.jpg]
[www.bsofttechnologiescochin.com/images/h2line.gif]
[www.bsofttechnologiescochin.com/images/footer.jpg]
[www.bsofttechnologiescochin.com/images/copyrightbg.jpg]
[www.bsofttechnologiescochin.com/style.css]
[www.bsofttechnologiescochin.com/images/shadow.png]
[www.bsofttechnologiescochin.com/main.css]
[www.bsofttechnologiescochin.com/index-2.html]
[www.bsofttechnologiescochin.com/picture/s2.jpg]
[www.bsofttechnologiescochin.com/picture/s9.jpg]
[www.bsofttechnologiescochin.com/about.html]
[www.bsofttechnologiescochin.com/picture/s4.jpg]
[www.bsofttechnologiescochin.com/picture/s12.jpg]
[www.bsofttechnologiescochin.com/picture/s1.jpg]
[www.bsofttechnologiescochin.com/images/services/cp.jpg]
[www.bsofttechnologiescochin.com/images/services/nw.jpg]
[www.bsofttechnologiescochin.com/images/services/upgradation.jpg]
[www.bsofttechnologiescochin.com/images/services/mp.jpg]
[www.bsofttechnologiescochin.com/images/services/lcdproblem.jpg]
[www.bsofttechnologiescochin.com/images/services/epabx.jpg]
[www.bsofttechnologiescochin.com/images/services/ku-medium.png]
[www.bsofttechnologiescochin.com/images/services/keyboarddamage.jpg]
[www.bsofttechnologiescochin.com/images/services/storage.jpg]
[www.bsofttechnologiescochin.com/images/services/tv.jpg]
[www.bsofttechnologiescochin.com/services.html]
[www.bsofttechnologiescochin.com/images/rent/sroll/6.jpg]
[www.bsofttechnologiescochin.com/images/rent/sroll/8.jpg]
[www.bsofttechnologiescochin.com/images/rent/sroll/4.jpg]
[www.bsofttechnologiescochin.com/images/rent/sroll/1.jpg]
[www.bsofttechnologiescochin.com/images/rent/sroll/10.jpg]
[www.bsofttechnologiescochin.com/images/rent/sroll/11.jpg]
[www.bsofttechnologiescochin.com/images/rent/sroll/2.jpg]
[www.bsofttechnologiescochin.com/images/rent/sroll/9.jpg]
[www.bsofttechnologiescochin.com/images/rent/sroll/7.jpg]
[www.bsofttechnologiescochin.com/images/rent/sroll/5.jpg]
[www.bsofttechnologiescochin.com/images/rent/sroll/3.jpg]
[www.bsofttechnologiescochin.com/images/rent/projector.jpg]
[www.bsofttechnologiescochin.com/images/rent/lap.jpg]
[www.bsofttechnologiescochin.com/images/rent/pc.jpg]
[www.bsofttechnologiescochin.com/images/rent/lcd.jpg]
[www.bsofttechnologiescochin.com/images/rent/up.jpg]
[www.bsofttechnologiescochin.com/rent.html]
[www.bsofttechnologiescochin.com/tcal.css]
[www.bsofttechnologiescochin.com/images/contract/1.jpg]
[www.bsofttechnologiescochin.com/tcal.js]
[www.bsofttechnologiescochin.com/images/contract/5.jpg]
[www.bsofttechnologiescochin.com/images/contract/2.jpg]
[www.bsofttechnologiescochin.com/images/contract/3.jpg]
[www.bsofttechnologiescochin.com/images/contract/4.jpg]
[www.bsofttechnologiescochin.com/images/contract/6.jpg]
[www.bsofttechnologiescochin.com/images/contract/7.jpg]
[www.bsofttechnologiescochin.com/images/contract/8.jpg]
[www.bsofttechnologiescochin.com/images/contract/9.jpg]
[www.bsofttechnologiescochin.com/images/contract/10.jpg]
[www.bsofttechnologiescochin.com/images/contract/11.jpg]
[www.bsofttechnologiescochin.com/images/contract/13.jpg]
[www.bsofttechnologiescochin.com/images/contract/12.jpg]
[www.bsofttechnologiescochin.com/images/contract/15.jpg]
[www.bsofttechnologiescochin.com/images/contract/download (4).jpg]
[www.bsofttechnologiescochin.com/images/contract/14.jpg]
[www.bsofttechnologiescochin.com/contract.html]
[www.bsofttechnologiescochin.com/client.html]
[www.bsofttechnologiescochin.com/images/download.jpg]
[www.bsofttechnologiescochin.com/contact.html]
[www.bsofttechnologiescochin.com/images/shadow.html]
[www.bsofttechnologiescochin.com/img/cal.gif]
[www.bsofttechnologiescochin.com/img/no_cal.gif]
[www.bsofttechnologiescochin.com/img/prev_year.gif]
[www.bsofttechnologiescochin.com/img/prev_mon.gif]
[www.bsofttechnologiescochin.com/img/next_mon.gif]
[www.bsofttechnologiescochin.com/img/next_year.gif]
[www.bsofttechnologiescochin.com/tcal.css]
