[demo.themecon.net/onlyme/index.html]
[backblue.gif]
[fade.gif]
[index.html]
[demo.themecon.net/onlyme/images/fabicon.png]
[demo.themecon.net/onlyme/css/bootstrap.min.css]
[demo.themecon.net/onlyme/style.css]
[demo.themecon.net/onlyme/css/responsive.css]
[demo.themecon.net/onlyme/images/logo.png]
[demo.themecon.net/onlyme/html/index.html]
[demo.themecon.net/onlyme/images/demo1.jpg]
[demo.themecon.net/onlyme/html/index-3.html]
[demo.themecon.net/onlyme/images/demo2.jpg]
[demo.themecon.net/onlyme/html/index-2.html]
[demo.themecon.net/onlyme/images/demo3.jpg]
[demo.themecon.net/onlyme/html/blog.html]
[demo.themecon.net/onlyme/images/demo4.jpg]
[demo.themecon.net/onlyme/html/blog-details.html]
[demo.themecon.net/onlyme/images/demo5.jpg]
[demo.themecon.net/onlyme/js/jquery-3.2.1.min.js]
[demo.themecon.net/onlyme/js/easings.min.js]
[demo.themecon.net/onlyme/js/main.js]
[demo.themecon.net/onlyme/index.html]
[demo.themecon.net/onlyme/css/bootstrap.min.css]
[demo.themecon.net/onlyme/images/slider-img9.jpg]
[demo.themecon.net/onlyme/images/service-bg.jpg]
[demo.themecon.net/onlyme/style.css]
[demo.themecon.net/onlyme/css/responsive.css]
[demo.themecon.net/onlyme/html/images/favicon.png]
[demo.themecon.net/onlyme/html/css/slick.css]
[demo.themecon.net/onlyme/html/css/global-style.css]
[demo.themecon.net/onlyme/html/style.css]
[demo.themecon.net/onlyme/html/css/responsive.css]
[demo.themecon.net/onlyme/html/images/logo.png]
[demo.themecon.net/onlyme/html/images/horizontal-logo.png]
[demo.themecon.net/onlyme/html/images/vertical-logo.png]
[demo.themecon.net/onlyme/html/images/dot-texture.png]
[demo.themecon.net/onlyme/html/images/scroll-down-arrow.png]
[demo.themecon.net/onlyme/html/images/arrow-right-white.png]
[demo.themecon.net/onlyme/html/images/about-shape.png]
[demo.themecon.net/onlyme/html/images/portfolio-shape.png]
[demo.themecon.net/onlyme/html/images/portfolio11.jpg]
[demo.themecon.net/onlyme/html/images/portfolio12.jpg]
[demo.themecon.net/onlyme/html/images/portfolio13.jpg]
[demo.themecon.net/onlyme/html/images/idea.png]
[demo.themecon.net/onlyme/html/images/service-box-logo.png]
[demo.themecon.net/onlyme/html/images/ui-ux.png]
[demo.themecon.net/onlyme/html/images/mobile-app.png]
[demo.themecon.net/onlyme/html/images/dashboard.png]
[demo.themecon.net/onlyme/html/images/testimonial-quote.png]
[demo.themecon.net/onlyme/html/images/testimonial-author1.jpg]
[demo.themecon.net/onlyme/html/images/testimonial-author2.jpg]
[demo.themecon.net/onlyme/html/images/testimonial-author3.jpg]
[demo.themecon.net/onlyme/html/images/blog-ellipse.png]
[demo.themecon.net/onlyme/html/images/card-img4.jpg]
[demo.themecon.net/onlyme/html/images/card-img5.jpg]
[demo.themecon.net/onlyme/html/images/card-img6.jpg]
[demo.themecon.net/onlyme/html/images/instagram-shape.png]
[demo.themecon.net/onlyme/html/images/instagram-img1.jpg]
[demo.themecon.net/onlyme/html/images/instagram-img2.jpg]
[demo.themecon.net/onlyme/html/images/instagram-img3.jpg]
[demo.themecon.net/onlyme/html/images/instagram-img4.jpg]
[demo.themecon.net/onlyme/html/images/instagram-img5.jpg]
[demo.themecon.net/cdn-cgi/scripts/5c5dd728/cloudflare-static/email-decode.min.js]
[demo.themecon.net/onlyme/html/js/jquery-3.2.1.min.js]
[demo.themecon.net/onlyme/html/js/jquery.enllax.min.js]
[demo.themecon.net/onlyme/html/js/waypoint.js]
[demo.themecon.net/onlyme/html/js/slick.min.js]
[demo.themecon.net/onlyme/html/js/main.js]
[demo.themecon.net/onlyme/html/index.html]
[demo.themecon.net/onlyme/html/style-3.css]
[demo.themecon.net/onlyme/html/css/responsive-3.css]
[demo.themecon.net/onlyme/html/images/hero-bg-img1.jpg]
[demo.themecon.net/onlyme/html/images/hero-bg-img2.jpg]
[demo.themecon.net/onlyme/html/images/hero-bg-img3.jpg]
[demo.themecon.net/onlyme/html/images/hero-bg-img4.jpg]
[demo.themecon.net/onlyme/html/images/service-ui-ux2.jpg]
[demo.themecon.net/onlyme/html/images/service-wp-develope-2.jpg]
[demo.themecon.net/onlyme/html/images/service-woocommerce2.jpg]
[demo.themecon.net/onlyme/html/images/service-bug-fix2.jpg]
[demo.themecon.net/onlyme/html/js/TweenMax.min.js]
[demo.themecon.net/onlyme/html/js/main-3.js]
[demo.themecon.net/onlyme/html/index-3.html]
[demo.themecon.net/onlyme/html/css/fullpage.min.css]
[demo.themecon.net/onlyme/html/style-2.css]
[demo.themecon.net/onlyme/html/css/responsive-2.css]
[demo.themecon.net/onlyme/html/images/service-ui-ux.jpg]
[demo.themecon.net/onlyme/html/images/service-wp-develop.jpg]
[demo.themecon.net/onlyme/html/images/service-woocommerce.jpg]
[demo.themecon.net/onlyme/html/images/service-bug-fix.jpg]
[demo.themecon.net/onlyme/html/js/fullpage.min.js]
[demo.themecon.net/onlyme/html/js/easings.min.js]
[demo.themecon.net/onlyme/html/js/main-2.js]
[demo.themecon.net/onlyme/html/index-2.html]
[demo.themecon.net/onlyme/html/images/blog-img-1.jpg]
[demo.themecon.net/onlyme/html/images/blog-img-2.jpg]
[demo.themecon.net/onlyme/html/images/blog-img-4.jpg]
[demo.themecon.net/onlyme/html/images/blog-img-3.jpg]
[demo.themecon.net/onlyme/html/images/blog-img-5.jpg]
[demo.themecon.net/onlyme/html/images/blog-img-6.jpg]
[demo.themecon.net/onlyme/html/blog.html]
[demo.themecon.net/onlyme/html/images/comment-avater.jpg]
[demo.themecon.net/onlyme/html/blog-details.html]
[demo.themecon.net/onlyme/html/css/slick.css]
[demo.themecon.net/onlyme/html/fonts/FuturaBT-Book.eot]
[demo.themecon.net/onlyme/html/fonts/FuturaBT-Bookd41d.eot]
[demo.themecon.net/onlyme/html/fonts/FuturaBT-Book.woff2]
[demo.themecon.net/onlyme/html/fonts/FuturaBT-Book.woff]
[demo.themecon.net/onlyme/html/fonts/FuturaBT-Book.ttf]
[demo.themecon.net/onlyme/html/fonts/FuturaBT-Book.svg]
[demo.themecon.net/onlyme/html/fonts/FuturaBT-Medium.eot]
[demo.themecon.net/onlyme/html/fonts/FuturaBT-Mediumd41d.eot]
[demo.themecon.net/onlyme/html/fonts/FuturaBT-Medium.woff2]
[demo.themecon.net/onlyme/html/fonts/FuturaBT-Medium.woff]
[demo.themecon.net/onlyme/html/fonts/FuturaBT-Medium.ttf]
[demo.themecon.net/onlyme/html/fonts/FuturaBT-Medium.svg]
[demo.themecon.net/onlyme/html/fonts/FuturaBT-Bold.eot]
[demo.themecon.net/onlyme/html/fonts/FuturaBT-Boldd41d.eot]
[demo.themecon.net/onlyme/html/fonts/FuturaBT-Bold.woff2]
[demo.themecon.net/onlyme/html/fonts/FuturaBT-Bold.woff]
[demo.themecon.net/onlyme/html/fonts/FuturaBT-Bold.ttf]
[demo.themecon.net/onlyme/html/css/global-style.css]
[demo.themecon.net/onlyme/html/fonts/FuturaBT-Bold.svg]
[demo.themecon.net/onlyme/html/images/hero-bg.jpg]
[demo.themecon.net/onlyme/html/images/hero-img-bg.jpg]
[demo.themecon.net/onlyme/html/images/hero-title-pettern-bg.png]
[demo.themecon.net/onlyme/html/images/about-bg.jpg]
[demo.themecon.net/onlyme/html/images/about-img1.jpg]
[demo.themecon.net/onlyme/html/images/about-img2.jpg]
[demo.themecon.net/onlyme/html/images/service-bg.jpg]
[demo.themecon.net/onlyme/html/images/project-bg1.jpg]
[demo.themecon.net/onlyme/html/images/dot-texture-horizontal.png]
[demo.themecon.net/onlyme/html/images/testimonial-bg.jpg]
[demo.themecon.net/onlyme/html/images/curve.png]
[demo.themecon.net/onlyme/html/images/project-bg.jpg]
[demo.themecon.net/onlyme/html/images/blog-single-feature-img.jpg]
[demo.themecon.net/onlyme/html/style.css]
[demo.themecon.net/onlyme/html/css/responsive.css]
[demo.themecon.net/onlyme/html/style-3.css]
[demo.themecon.net/onlyme/html/css/responsive-3.css]
[demo.themecon.net/onlyme/html/css/fullpage.min.css]
[demo.themecon.net/onlyme/html/images/home2-hero-bg.jpg]
[demo.themecon.net/onlyme/html/style-2.css]
[demo.themecon.net/onlyme/html/css/responsive-2.css]
[demo.themecon.net/onlyme/html/fonts/FuturaBT-Book.svg]
[demo.themecon.net/onlyme/html/fonts/FuturaBT-Medium.svg]
[demo.themecon.net/onlyme/html/fonts/FuturaBT-Bold.svg]
