[brandio.io/envato/iofrm/html/login23.html]
[backblue.gif]
[fade.gif]
[index.html]
[brandio.io/envato/iofrm/html/css/bootstrap.min.css]
[brandio.io/envato/iofrm/html/css/fontawesome-all.min.css]
[brandio.io/envato/iofrm/html/css/iofrm-style.css]
[brandio.io/envato/iofrm/html/css/iofrm-theme27.css]
[brandio.io/envato/iofrm/html/index.html]
[brandio.io/envato/iofrm/html/images/logo-light.svg]
[brandio.io/envato/iofrm/html/images/graphic8.svg]
[brandio.io/envato/iofrm/html/images/icon1.svg]
[brandio.io/envato/iofrm/html/js/jquery.min.js]
[brandio.io/envato/iofrm/html/js/popper.min.js]
[brandio.io/envato/iofrm/html/js/bootstrap.min.js]
[brandio.io/envato/iofrm/html/js/main.js]
[brandio.io/envato/iofrm/html/login23.html]
[brandio.io/envato/iofrm/html/css/bootstrap.min.css]
[brandio.io/envato/iofrm/html/webfonts/fa-brands-400.woff2]
[brandio.io/envato/iofrm/html/webfonts/fa-brands-400.eot]
[brandio.io/envato/iofrm/html/webfonts/fa-brands-400.ttf]
[brandio.io/envato/iofrm/html/webfonts/fa-brands-400d41d.eot]
[brandio.io/envato/iofrm/html/webfonts/fa-brands-400.woff]
[brandio.io/envato/iofrm/html/webfonts/fa-brands-400.svg]
[brandio.io/envato/iofrm/html/webfonts/fa-regular-400.woff2]
[brandio.io/envato/iofrm/html/webfonts/fa-regular-400.eot]
[brandio.io/envato/iofrm/html/webfonts/fa-regular-400d41d.eot]
[brandio.io/envato/iofrm/html/webfonts/fa-regular-400.ttf]
[brandio.io/envato/iofrm/html/webfonts/fa-regular-400.woff]
[brandio.io/envato/iofrm/html/webfonts/fa-regular-400.svg]
[brandio.io/envato/iofrm/html/webfonts/fa-solid-900.woff2]
[brandio.io/envato/iofrm/html/webfonts/fa-solid-900.eot]
[brandio.io/envato/iofrm/html/webfonts/fa-solid-900.ttf]
[brandio.io/envato/iofrm/html/webfonts/fa-solid-900d41d.eot]
[brandio.io/envato/iofrm/html/css/fontawesome-all.min.css]
[brandio.io/envato/iofrm/html/webfonts/fa-solid-900.woff]
[brandio.io/envato/iofrm/html/images/img1.jpg]
[brandio.io/envato/iofrm/html/images/logo-dark.svg]
[brandio.io/envato/iofrm/html/css/iofrm-style.css]
[brandio.io/envato/iofrm/html/css/iofrm-theme27.css]
[brandio.io/envato/iofrm/html/webfonts/fa-solid-900.svg]
[brandio.io/envato/iofrm/html/login1.html]
[brandio.io/envato/iofrm/html/img/form1.jpg]
[brandio.io/envato/iofrm/html/login2.html]
[brandio.io/envato/iofrm/html/img/form2.jpg]
[brandio.io/envato/iofrm/html/login3.html]
[brandio.io/envato/iofrm/html/img/form3.jpg]
[brandio.io/envato/iofrm/html/login4.html]
[brandio.io/envato/iofrm/html/img/form4.jpg]
[brandio.io/envato/iofrm/html/login5.html]
[brandio.io/envato/iofrm/html/img/form5.jpg]
[brandio.io/envato/iofrm/html/login6.html]
[brandio.io/envato/iofrm/html/img/form6.jpg]
[brandio.io/envato/iofrm/html/login7.html]
[brandio.io/envato/iofrm/html/img/form7.jpg]
[brandio.io/envato/iofrm/html/login8.html]
[brandio.io/envato/iofrm/html/img/form8.jpg]
[brandio.io/envato/iofrm/html/login9.html]
[brandio.io/envato/iofrm/html/img/form9.jpg]
[brandio.io/envato/iofrm/html/login10.html]
[brandio.io/envato/iofrm/html/img/form10.jpg]
[brandio.io/envato/iofrm/html/login11.html]
[brandio.io/envato/iofrm/html/img/form11.jpg]
[brandio.io/envato/iofrm/html/login12.html]
[brandio.io/envato/iofrm/html/img/form12.jpg]
[brandio.io/envato/iofrm/html/login13.html]
[brandio.io/envato/iofrm/html/img/form13.jpg]
[brandio.io/envato/iofrm/html/login14.html]
[brandio.io/envato/iofrm/html/img/form14.jpg]
[brandio.io/envato/iofrm/html/login15.html]
[brandio.io/envato/iofrm/html/img/form15.jpg]
[brandio.io/envato/iofrm/html/profile1.html]
[brandio.io/envato/iofrm/html/img/form15-p.jpg]
[brandio.io/envato/iofrm/html/login16.html]
[brandio.io/envato/iofrm/html/img/form16.jpg]
[brandio.io/envato/iofrm/html/login17.html]
[brandio.io/envato/iofrm/html/img/form17.jpg]
[brandio.io/envato/iofrm/html/login18.html]
[brandio.io/envato/iofrm/html/img/form18.jpg]
[brandio.io/envato/iofrm/html/login19.html]
[brandio.io/envato/iofrm/html/img/form19.jpg]
[brandio.io/envato/iofrm/html/login20.html]
[brandio.io/envato/iofrm/html/img/form20.jpg]
[brandio.io/envato/iofrm/html/login21.html]
[brandio.io/envato/iofrm/html/img/form21.jpg]
[brandio.io/envato/iofrm/html/login22.html]
[brandio.io/envato/iofrm/html/img/form22.jpg]
[brandio.io/envato/iofrm/html/job-app1.html]
[brandio.io/envato/iofrm/html/img/form23.jpg]
[brandio.io/envato/iofrm/html/job-app2.html]
[brandio.io/envato/iofrm/html/img/form24.jpg]
[brandio.io/envato/iofrm/html/payment1.html]
[brandio.io/envato/iofrm/html/img/form25.jpg]
[brandio.io/envato/iofrm/html/contact1.html]
[brandio.io/envato/iofrm/html/img/form26.jpg]
[brandio.io/envato/iofrm/html/img/form27.jpg]
[brandio.io/envato/iofrm/html/login24.html]
[brandio.io/envato/iofrm/html/img/form28.jpg]
[brandio.io/envato/iofrm/html/login25.html]
[brandio.io/envato/iofrm/html/img/form29.jpg]
[brandio.io/envato/iofrm/html/index.html]
[brandio.io/envato/iofrm/html/images/logo-light.svg]
[brandio.io/envato/iofrm/html/images/graphic8.svg]
[brandio.io/envato/iofrm/html/images/icon1.svg]
[brandio.io/envato/iofrm/html/js/jquery.min.js]
[brandio.io/envato/iofrm/html/js/popper.min.js]
[brandio.io/envato/iofrm/html/popper.5a.delayed]
[brandio.io/envato/iofrm/html/js/bootstrap.min.js]
[brandio.io/envato/iofrm/html/js/main.js]
[brandio.io/envato/iofrm/html/webfonts/fa-brands-400.svg]
[brandio.io/envato/iofrm/html/webfonts/fa-regular-400.svg]
[brandio.io/envato/iofrm/html/webfonts/fa-solid-900.svg]
[brandio.io/envato/iofrm/html/images/logo-dark.svg]
[brandio.io/envato/iofrm/html/css/iofrm-theme1.css]
[brandio.io/envato/iofrm/html/register1.html]
[brandio.io/envato/iofrm/html/login1.html]
[brandio.io/envato/iofrm/html/forget1.html]
[brandio.io/envato/iofrm/html/css/iofrm-theme2.css]
[brandio.io/envato/iofrm/html/register2.html]
[brandio.io/envato/iofrm/html/login2.html]
[brandio.io/envato/iofrm/html/forget2.html]
[brandio.io/envato/iofrm/html/css/iofrm-theme3.css]
[brandio.io/envato/iofrm/html/register3.html]
[brandio.io/envato/iofrm/html/login3.html]
[brandio.io/envato/iofrm/html/forget3.html]
[brandio.io/envato/iofrm/html/css/iofrm-theme4.css]
[brandio.io/envato/iofrm/html/images/graphic1.svg]
[brandio.io/envato/iofrm/html/register4.html]
[brandio.io/envato/iofrm/html/login4.html]
[brandio.io/envato/iofrm/html/forget4.html]
[brandio.io/envato/iofrm/html/css/iofrm-theme5.css]
[brandio.io/envato/iofrm/html/images/graphic2.svg]
[brandio.io/envato/iofrm/html/register5.html]
[brandio.io/envato/iofrm/html/login5.html]
[brandio.io/envato/iofrm/html/forget5.html]
[brandio.io/envato/iofrm/html/css/iofrm-theme6.css]
[brandio.io/envato/iofrm/html/register6.html]
[brandio.io/envato/iofrm/html/login6.html]
[brandio.io/envato/iofrm/html/forget6.html]
[brandio.io/envato/iofrm/html/css/iofrm-theme7.css]
[brandio.io/envato/iofrm/html/images/graphic3.svg]
[brandio.io/envato/iofrm/html/register7.html]
[brandio.io/envato/iofrm/html/login7.html]
[brandio.io/envato/iofrm/html/forget7.html]
[brandio.io/envato/iofrm/html/css/iofrm-theme8.css]
[brandio.io/envato/iofrm/html/images/graphic4.svg]
[brandio.io/envato/iofrm/html/register8.html]
[brandio.io/envato/iofrm/html/login8.html]
[brandio.io/envato/iofrm/html/forget8.html]
[brandio.io/envato/iofrm/html/css/iofrm-theme9.css]
[brandio.io/envato/iofrm/html/images/graphic5.svg]
[brandio.io/envato/iofrm/html/register9.html]
[brandio.io/envato/iofrm/html/login9.html]
[brandio.io/envato/iofrm/html/forget9.html]
[brandio.io/envato/iofrm/html/css/iofrm-theme10.css]
[brandio.io/envato/iofrm/html/register10.html]
[brandio.io/envato/iofrm/html/login10.html]
[brandio.io/envato/iofrm/html/forget10.html]
[brandio.io/envato/iofrm/html/css/iofrm-theme11.css]
[brandio.io/envato/iofrm/html/register11.html]
[brandio.io/envato/iofrm/html/login11.html]
[brandio.io/envato/iofrm/html/forget11.html]
[brandio.io/envato/iofrm/html/css/iofrm-theme12.css]
[brandio.io/envato/iofrm/html/register12.html]
[brandio.io/envato/iofrm/html/login12.html]
[brandio.io/envato/iofrm/html/forget12.html]
[brandio.io/envato/iofrm/html/css/iofrm-theme13.css]
[brandio.io/envato/iofrm/html/register13.html]
[brandio.io/envato/iofrm/html/login13.html]
[brandio.io/envato/iofrm/html/forget13.html]
[brandio.io/envato/iofrm/html/css/iofrm-theme14.css]
[brandio.io/envato/iofrm/html/register14.html]
[brandio.io/envato/iofrm/html/login14.html]
[brandio.io/envato/iofrm/html/forget14.html]
[brandio.io/envato/iofrm/html/css/iofrm-theme15.css]
[brandio.io/envato/iofrm/html/register15.html]
[brandio.io/envato/iofrm/html/login15.html]
[brandio.io/envato/iofrm/html/profile1.html]
[brandio.io/envato/iofrm/html/forget15.html]
[brandio.io/envato/iofrm/html/css/iofrm-theme16.css]
[brandio.io/envato/iofrm/html/forget16.html]
[brandio.io/envato/iofrm/html/login16.html]
[brandio.io/envato/iofrm/html/register16.html]
[brandio.io/envato/iofrm/html/css/iofrm-theme17.css]
[brandio.io/envato/iofrm/html/forget17.html]
[brandio.io/envato/iofrm/html/login17.html]
[brandio.io/envato/iofrm/html/register17.html]
[brandio.io/envato/iofrm/html/css/iofrm-theme18.css]
[brandio.io/envato/iofrm/html/forget18.html]
[brandio.io/envato/iofrm/html/login18.html]
[brandio.io/envato/iofrm/html/register18.html]
[brandio.io/envato/iofrm/html/css/iofrm-theme19.css]
[brandio.io/envato/iofrm/html/forget19.html]
[brandio.io/envato/iofrm/html/login19.html]
[brandio.io/envato/iofrm/html/register19.html]
[brandio.io/envato/iofrm/html/css/iofrm-theme20.css]
[brandio.io/envato/iofrm/html/forget20.html]
[brandio.io/envato/iofrm/html/login20.html]
[brandio.io/envato/iofrm/html/register20.html]
[brandio.io/envato/iofrm/html/css/iofrm-theme21.css]
[brandio.io/envato/iofrm/html/forget21.html]
[brandio.io/envato/iofrm/html/login21.html]
[brandio.io/envato/iofrm/html/register21.html]
[brandio.io/envato/iofrm/html/css/iofrm-theme22.css]
[brandio.io/envato/iofrm/html/forget22.html]
[brandio.io/envato/iofrm/html/login22.html]
[brandio.io/envato/iofrm/html/register22.html]
[brandio.io/envato/iofrm/html/css/iofrm-theme23.css]
[brandio.io/envato/iofrm/html/job-app1.html]
[brandio.io/envato/iofrm/html/images/graphic6.svg]
[brandio.io/envato/iofrm/html/job-app2.html]
[brandio.io/envato/iofrm/html/css/iofrm-theme24.css]
[brandio.io/envato/iofrm/html/css/iofrm-theme25.css]
[brandio.io/envato/iofrm/html/images/graphic7.svg]
[brandio.io/envato/iofrm/html/payment1.html]
[brandio.io/envato/iofrm/html/js/cleave.min.js]
[brandio.io/envato/iofrm/html/contact1.html]
[brandio.io/envato/iofrm/html/css/iofrm-theme26.css]
[brandio.io/envato/iofrm/html/css/iofrm-theme28.css]
[brandio.io/envato/iofrm/html/register24.html]
[brandio.io/envato/iofrm/html/login24.html]
[brandio.io/envato/iofrm/html/forget24.html]
[brandio.io/envato/iofrm/html/css/iofrm-theme29.css]
[brandio.io/envato/iofrm/html/forget25.html]
[brandio.io/envato/iofrm/html/login25.html]
[brandio.io/envato/iofrm/html/popper.html]
[brandio.io/envato/iofrm/html/css/iofrm-theme1.css]
[brandio.io/envato/iofrm/html/register1.html]
[brandio.io/envato/iofrm/html/register25.html]
[brandio.io/envato/iofrm/html/forget1.html]
[brandio.io/cdn-cgi/scripts/5c5dd728/cloudflare-static/email-decode.min.js]
[brandio.io/envato/iofrm/html/images/img2.jpg]
[brandio.io/envato/iofrm/html/css/iofrm-theme2.css]
[brandio.io/envato/iofrm/html/register2.html]
[brandio.io/envato/iofrm/html/forget2.html]
[brandio.io/envato/iofrm/html/css/iofrm-theme3.css]
[brandio.io/envato/iofrm/html/register3.html]
[brandio.io/envato/iofrm/html/forget3.html]
[brandio.io/envato/iofrm/html/css/iofrm-theme4.css]
[brandio.io/envato/iofrm/html/images/graphic1.svg]
[brandio.io/envato/iofrm/html/register4.html]
[brandio.io/envato/iofrm/html/forget4.html]
[brandio.io/envato/iofrm/html/css/iofrm-theme5.css]
[brandio.io/envato/iofrm/html/images/graphic2.svg]
[brandio.io/envato/iofrm/html/register5.html]
[brandio.io/envato/iofrm/html/forget5.html]
[brandio.io/envato/iofrm/html/css/iofrm-theme6.css]
[brandio.io/envato/iofrm/html/register6.html]
[brandio.io/envato/iofrm/html/forget6.html]
[brandio.io/envato/iofrm/html/css/iofrm-theme7.css]
[brandio.io/envato/iofrm/html/images/graphic3.svg]
[brandio.io/envato/iofrm/html/register7.html]
[brandio.io/envato/iofrm/html/forget7.html]
[brandio.io/envato/iofrm/html/css/iofrm-theme8.css]
[brandio.io/envato/iofrm/html/images/graphic4.svg]
[brandio.io/envato/iofrm/html/register8.html]
[brandio.io/envato/iofrm/html/forget8.html]
[brandio.io/envato/iofrm/html/css/iofrm-theme9.css]
[brandio.io/envato/iofrm/html/images/graphic5.svg]
[brandio.io/envato/iofrm/html/register9.html]
[brandio.io/envato/iofrm/html/forget9.html]
[brandio.io/envato/iofrm/html/css/iofrm-theme10.css]
[brandio.io/envato/iofrm/html/register10.html]
[brandio.io/envato/iofrm/html/forget10.html]
[brandio.io/envato/iofrm/html/css/iofrm-theme11.css]
[brandio.io/envato/iofrm/html/register11.html]
[brandio.io/envato/iofrm/html/forget11.html]
[brandio.io/envato/iofrm/html/css/iofrm-theme12.css]
[brandio.io/envato/iofrm/html/register12.html]
[brandio.io/envato/iofrm/html/forget12.html]
[brandio.io/envato/iofrm/html/css/iofrm-theme13.css]
[brandio.io/envato/iofrm/html/register13.html]
[brandio.io/envato/iofrm/html/forget13.html]
[brandio.io/envato/iofrm/html/css/iofrm-theme14.css]
[brandio.io/envato/iofrm/html/register14.html]
[brandio.io/envato/iofrm/html/forget14.html]
[brandio.io/envato/iofrm/html/css/iofrm-theme15.css]
[brandio.io/envato/iofrm/html/register15.html]
[brandio.io/envato/iofrm/html/forget15.html]
[brandio.io/envato/iofrm/html/css/iofrm-theme16.css]
[brandio.io/envato/iofrm/html/forget16.html]
[brandio.io/envato/iofrm/html/register16.html]
[brandio.io/envato/iofrm/html/css/iofrm-theme17.css]
[brandio.io/envato/iofrm/html/forget17.html]
[brandio.io/envato/iofrm/html/register17.html]
[brandio.io/envato/iofrm/html/css/iofrm-theme18.css]
[brandio.io/envato/iofrm/html/forget18.html]
[brandio.io/envato/iofrm/html/register18.html]
[brandio.io/envato/iofrm/html/css/iofrm-theme19.css]
[brandio.io/envato/iofrm/html/forget19.html]
[brandio.io/envato/iofrm/html/register19.html]
[brandio.io/envato/iofrm/html/css/iofrm-theme20.css]
[brandio.io/envato/iofrm/html/forget20.html]
[brandio.io/envato/iofrm/html/register20.html]
[brandio.io/envato/iofrm/html/css/iofrm-theme21.css]
[brandio.io/envato/iofrm/html/forget21.html]
[brandio.io/envato/iofrm/html/register21.html]
[brandio.io/envato/iofrm/html/css/iofrm-theme22.css]
[brandio.io/envato/iofrm/html/forget22.html]
[brandio.io/envato/iofrm/html/register22.html]
[brandio.io/envato/iofrm/html/css/iofrm-theme23.css]
[brandio.io/envato/iofrm/html/images/graphic6.svg]
[brandio.io/envato/iofrm/html/css/iofrm-theme24.css]
[brandio.io/envato/iofrm/html/images/logo-dark2.svg]
[brandio.io/envato/iofrm/html/images/img3.png]
[brandio.io/envato/iofrm/html/css/iofrm-theme25.css]
[brandio.io/envato/iofrm/html/images/graphic7.svg]
[brandio.io/envato/iofrm/html/js/cleave.min.js]
[brandio.io/envato/iofrm/html/css/iofrm-theme26.css]
[brandio.io/envato/iofrm/html/css/iofrm-theme28.css]
[brandio.io/envato/iofrm/html/register24.html]
[brandio.io/envato/iofrm/html/forget24.html]
[brandio.io/envato/iofrm/html/css/iofrm-theme29.css]
[brandio.io/envato/iofrm/html/forget25.html]
[brandio.io/envato/iofrm/html/register25.html]
[brandio.io/envato/iofrm/html/images/img4.svg]
[brandio.io/envato/iofrm/html/images/logo-dark2.svg]
[brandio.io/envato/iofrm/html/images/img4.svg]
