[paul-themes.com/html/bauhaus-op/demo/index-fullpage-dark.html]
[paul-themes.com/html/bauhaus-op/demo/favicon.png]
[paul-themes.com/html/bauhaus-op/demo/apple-touch-icon.png]
[paul-themes.com/html/bauhaus-op/demo/apple-touch-icon-72x72.png]
[paul-themes.com/html/bauhaus-op/demo/apple-touch-icon-114x114.png]
[backblue.gif]
[fade.gif]
[index.html]
[paul-themes.com/html/bauhaus-op/demo/css/style.css]
[paul-themes.com/html/bauhaus-op/demo/css/dark.css]
[paul-themes.com/html/bauhaus-op/demo/images/brand-white.png]
[paul-themes.com/html/bauhaus-op/demo/images/bg/bg1.jpg]
[paul-themes.com/html/bauhaus-op/demo/images/1-470x490.jpg]
[paul-themes.com/html/bauhaus-op/demo/images/bg/bg2.jpg]
[paul-themes.com/html/bauhaus-op/demo/images/bg/bg2-2.jpg]
[paul-themes.com/html/bauhaus-op/demo/images/bg/bg2-3.jpg]
[paul-themes.com/html/bauhaus-op/demo/images/bg/bg2-4.jpg]
[paul-themes.com/html/bauhaus-op/demo/images/bg/bg2-5.jpg]
[paul-themes.com/html/bauhaus-op/demo/images/bg/bg2-6.jpg]
[paul-themes.com/html/bauhaus-op/demo/images/projects/interior/1-680x680.jpg]
[paul-themes.com/html/bauhaus-op/demo/images/projects/interior/2-680x680.jpg]
[paul-themes.com/html/bauhaus-op/demo/images/projects/interior/3-680x680.jpg]
[paul-themes.com/html/bauhaus-op/demo/images/projects/interior/4-680x680.jpg]
[paul-themes.com/html/bauhaus-op/demo/images/projects/interior/5-680x680.jpg]
[paul-themes.com/html/bauhaus-op/demo/images/projects/interior/6-680x680.jpg]
[paul-themes.com/html/bauhaus-op/demo/images/partners/white/1.png]
[paul-themes.com/html/bauhaus-op/demo/images/partners/white/2.png]
[paul-themes.com/html/bauhaus-op/demo/images/partners/white/3.png]
[paul-themes.com/html/bauhaus-op/demo/images/partners/white/4.png]
[paul-themes.com/html/bauhaus-op/demo/images/partners/white/5.png]
[paul-themes.com/html/bauhaus-op/demo/images/bg/bg3.jpg]
[paul-themes.com/cdn-cgi/scripts/5c5dd728/cloudflare-static/email-decode.min.js]
[paul-themes.com/html/bauhaus-op/demo/js/smoothscroll.js]
[paul-themes.com/html/bauhaus-op/demo/js/bootstrap.min.js]
[paul-themes.com/html/bauhaus-op/demo/js/jquery.pagepiling.min.js]
[paul-themes.com/html/bauhaus-op/demo/js/jquery.min.js]
[paul-themes.com/html/bauhaus-op/demo/js/jquery.magnific-popup.min.js]
[paul-themes.com/html/bauhaus-op/demo/index-fullpage-dark.html]
[paul-themes.com/html/bauhaus-op/demo/js/gmap.js]
[paul-themes.com/html/bauhaus-op/demo/js/owl.carousel.min.js]
[paul-themes.com/html/bauhaus-op/demo/js/scripts.js]
[paul-themes.com/html/bauhaus-op/demo/css/bootstrap.css]
[paul-themes.com/html/bauhaus-op/demo/css/ionicons.min.css]
[paul-themes.com/html/bauhaus-op/demo/css/linearicons.css]
[paul-themes.com/html/bauhaus-op/demo/css/animate.css]
[paul-themes.com/html/bauhaus-op/demo/css/magnific-popup.css]
[paul-themes.com/html/bauhaus-op/demo/css/jquery.pagepiling.css]
[paul-themes.com/html/bauhaus-op/demo/css/owl.carousel.css]
[paul-themes.com/html/bauhaus-op/demo/css/settings.css]
[paul-themes.com/html/bauhaus-op/demo/css/layers.css]
[paul-themes.com/html/bauhaus-op/demo/css/navigation.css]
[paul-themes.com/html/bauhaus-op/demo/images/bg/dots.png]
[paul-themes.com/html/bauhaus-op/demo/images/bg/dots2.png]
[paul-themes.com/html/bauhaus-op/demo/css/style.css]
[paul-themes.com/html/bauhaus-op/demo/images/bg/dots-dark.png]
[paul-themes.com/html/bauhaus-op/demo/images/bg/dots2-dark.png]
[paul-themes.com/html/bauhaus-op/demo/css/dark.css]
[paul-themes.com/html/bauhaus-op/demo/fonts/glyphicons-halflings-regular.eot]
[paul-themes.com/html/bauhaus-op/demo/fonts/glyphicons-halflings-regulard41d.eot]
[paul-themes.com/html/bauhaus-op/demo/fonts/glyphicons-halflings-regular.woff2]
[paul-themes.com/html/bauhaus-op/demo/fonts/glyphicons-halflings-regular.woff]
[paul-themes.com/html/bauhaus-op/demo/fonts/glyphicons-halflings-regular.ttf]
[paul-themes.com/html/bauhaus-op/demo/fonts/glyphicons-halflings-regular.svg]
[paul-themes.com/html/bauhaus-op/demo/css/bootstrap.css]
[paul-themes.com/html/bauhaus-op/demo/fonts/ionicons28b5.eot]
[paul-themes.com/html/bauhaus-op/demo/css/ionicons.min.css]
[paul-themes.com/html/bauhaus-op/demo/fonts/ionicons28b5.svg]
[paul-themes.com/html/bauhaus-op/demo/css/linearicons.css]
[paul-themes.com/html/bauhaus-op/demo/css/animate.css]
[paul-themes.com/html/bauhaus-op/demo/css/magnific-popup.css]
[paul-themes.com/html/bauhaus-op/demo/css/jquery.pagepiling.css]
[paul-themes.com/html/bauhaus-op/demo/css/owl.video.play.png]
[paul-themes.com/html/bauhaus-op/demo/css/owl.carousel.css]
[paul-themes.com/html/bauhaus-op/demo/fonts/revicons/revicons90c6.eot]
[paul-themes.com/html/bauhaus-op/demo/fonts/ionicons28b5.woff]
[paul-themes.com/html/bauhaus-op/demo/fonts/revicons/revicons90c6.woff]
[paul-themes.com/html/bauhaus-op/demo/fonts/revicons/revicons90c6.ttf]
[paul-themes.com/html/bauhaus-op/demo/fonts/revicons/revicons90c6.svg]
[paul-themes.com/html/bauhaus-op/demo/fonts/ionicons28b5.ttf]
[paul-themes.com/html/bauhaus-op/demo/css/openhand.cur]
[paul-themes.com/html/bauhaus-op/demo/css/closedhand.cur]
[paul-themes.com/html/bauhaus-op/demo/assets/gridtile.png]
[paul-themes.com/html/bauhaus-op/demo/assets/gridtile_white.png]
[paul-themes.com/html/bauhaus-op/demo/assets/gridtile_3x3.png]
[paul-themes.com/html/bauhaus-op/demo/assets/gridtile_3x3_white.png]
[paul-themes.com/html/bauhaus-op/demo/assets/coloredbg.png]
[paul-themes.com/html/bauhaus-op/demo/css/ajax-loader.gif]
[paul-themes.com/html/bauhaus-op/demo/css/settings.css]
[paul-themes.com/html/bauhaus-op/demo/css/layers.css]
[paul-themes.com/html/bauhaus-op/demo/css/navigation.css]
[paul-themes.com/html/bauhaus-op/demo/fonts/glyphicons-halflings-regular.html]
[paul-themes.com/html/bauhaus-op/demo/fonts/glyphicons-halflings-regulard41d.html]
[paul-themes.com/html/bauhaus-op/demo/fonts/glyphicons-halflings-regular-2.html]
[paul-themes.com/html/bauhaus-op/demo/fonts/glyphicons-halflings-regular-3.html]
[paul-themes.com/html/bauhaus-op/demo/fonts/glyphicons-halflings-regular-4.html]
[paul-themes.com/html/bauhaus-op/demo/fonts/glyphicons-halflings-regular-5.html]
[paul-themes.com/html/bauhaus-op/demo/fonts/ionicons28b5.svg]
[paul-themes.com/html/bauhaus-op/demo/fonts/Linearicons.ttf]
[paul-themes.com/html/bauhaus-op/demo/css/owl.video.play.html]
[paul-themes.com/html/bauhaus-op/demo/fonts/revicons/revicons90c6.html]
[paul-themes.com/html/bauhaus-op/demo/fonts/revicons/revicons90c6-2.html]
[paul-themes.com/html/bauhaus-op/demo/fonts/revicons/revicons90c6-3.html]
[paul-themes.com/html/bauhaus-op/demo/fonts/revicons/revicons90c6-4.html]
[paul-themes.com/html/bauhaus-op/demo/css/openhand.html]
[paul-themes.com/html/bauhaus-op/demo/css/closedhand.html]
[paul-themes.com/html/bauhaus-op/demo/assets/gridtile.html]
[paul-themes.com/html/bauhaus-op/demo/assets/gridtile_white.html]
[paul-themes.com/html/bauhaus-op/demo/assets/gridtile_3x3.html]
[paul-themes.com/html/bauhaus-op/demo/assets/gridtile_3x3_white.html]
[paul-themes.com/html/bauhaus-op/demo/assets/coloredbg.html]
