[preview.erilisdesign.com/html/blum/countdown-white-background.html]
[backblue.gif]
[fade.gif]
[index.html]
[preview.erilisdesign.com/html/blum/assets/vendor/fontawesome/css/all.min.css]
[preview.erilisdesign.com/html/blum/assets/vendor/themify-icons/css/themify-icons.css]
[preview.erilisdesign.com/html/blum/assets/vendor/vegas/vegas.min.css]
[preview.erilisdesign.com/html/blum/assets/vendor/animate.css/animate.min.css]
[preview.erilisdesign.com/html/blum/assets/css/theme.css]
[preview.erilisdesign.com/html/blum/assets/images/logo.png]
[preview.erilisdesign.com/html/blum/assets/vendor/jquery/dist/jquery.min.js]
[preview.erilisdesign.com/html/blum/assets/vendor/popper.js/dist/popper.min.js]
[preview.erilisdesign.com/html/blum/assets/vendor/bootstrap/dist/js/bootstrap.min.js]
[preview.erilisdesign.com/html/blum/assets/vendor/jquery-validation/dist/jquery.validate.min.js]
[preview.erilisdesign.com/html/blum/assets/vendor/jquery-form/dist/jquery.form.min.js]
[preview.erilisdesign.com/html/blum/assets/vendor/jQuery.countdown/dist/jquery.countdown.min.js]
[preview.erilisdesign.com/html/blum/assets/vendor/vegas/vegas.min.js]
[preview.erilisdesign.com/html/blum/assets/vendor/granim.js/dist/granim.min.js]
[preview.erilisdesign.com/html/blum/assets/js/main.js]
[preview.erilisdesign.com/html/blum/countdown-white-background.html]
[preview.erilisdesign.com/html/blum/assets/vendor/fontawesome/webfonts/fa-brands-400.eot]
[preview.erilisdesign.com/html/blum/assets/vendor/fontawesome/webfonts/fa-brands-400d41d.eot]
[preview.erilisdesign.com/html/blum/assets/vendor/fontawesome/webfonts/fa-brands-400.woff2]
[preview.erilisdesign.com/html/blum/assets/vendor/fontawesome/webfonts/fa-brands-400.woff]
[preview.erilisdesign.com/html/blum/assets/vendor/fontawesome/webfonts/fa-brands-400.ttf]
[preview.erilisdesign.com/html/blum/assets/vendor/fontawesome/webfonts/fa-regular-400.eot]
[preview.erilisdesign.com/html/blum/assets/vendor/fontawesome/webfonts/fa-regular-400d41d.eot]
[preview.erilisdesign.com/html/blum/assets/vendor/fontawesome/webfonts/fa-regular-400.woff2]
[preview.erilisdesign.com/html/blum/assets/vendor/fontawesome/webfonts/fa-regular-400.woff]
[preview.erilisdesign.com/html/blum/assets/vendor/fontawesome/webfonts/fa-regular-400.ttf]
[preview.erilisdesign.com/html/blum/assets/vendor/fontawesome/webfonts/fa-solid-900.eot]
[preview.erilisdesign.com/html/blum/assets/vendor/fontawesome/webfonts/fa-solid-900d41d.eot]
[preview.erilisdesign.com/html/blum/assets/vendor/fontawesome/webfonts/fa-solid-900.woff2]
[preview.erilisdesign.com/html/blum/assets/vendor/fontawesome/webfonts/fa-solid-900.woff]
[preview.erilisdesign.com/html/blum/assets/vendor/fontawesome/webfonts/fa-solid-900.ttf]
[preview.erilisdesign.com/html/blum/assets/vendor/fontawesome/css/all.min.css]
[preview.erilisdesign.com/html/blum/assets/vendor/themify-icons/fonts/themify9f24.eot]
[preview.erilisdesign.com/html/blum/assets/vendor/themify-icons/fonts/themifyd41d.eot]
[preview.erilisdesign.com/html/blum/assets/vendor/themify-icons/fonts/themify9f24.woff]
[preview.erilisdesign.com/html/blum/assets/vendor/themify-icons/fonts/themify9f24.ttf]
[preview.erilisdesign.com/html/blum/assets/vendor/themify-icons/css/themify-icons.css]
[preview.erilisdesign.com/html/blum/assets/vendor/vegas/overlays/02.png]
[preview.erilisdesign.com/html/blum/assets/vendor/vegas/vegas.min.css]
[preview.erilisdesign.com/html/blum/assets/vendor/animate.css/animate.min.css]
[preview.erilisdesign.com/html/blum/assets/css/theme.css]
[preview.erilisdesign.com/html/blum/assets/vendor/fontawesome/webfonts/fa-brands-400.svg]
[preview.erilisdesign.com/html/blum/assets/vendor/fontawesome/webfonts/fa-regular-400.svg]
[preview.erilisdesign.com/html/blum/assets/vendor/fontawesome/webfonts/fa-solid-900.svg]
[preview.erilisdesign.com/html/blum/assets/vendor/themify-icons/fonts/themify9f24.svg]
