[incognitothemes.com/spyder/index.html]
[backblue.gif]
[fade.gif]
[index.html]
[incognitothemes.com/spyder/assets/images/favicon.ico]
[incognitothemes.com/spyder/assets/css/master.css]
[incognitothemes.com/spyder/assets/css/responsive.css]
[incognitothemes.com/spyder/revolution/css/settings.css]
[incognitothemes.com/spyder/revolution/css/layers.css]
[incognitothemes.com/spyder/revolution/css/navigation.css]
[incognitothemes.com/spyder/index-2.html]
[incognitothemes.com/spyder/assets/images/logo-white.png]
[incognitothemes.com/spyder/assets/images/logo-black.png]
[incognitothemes.com/spyder/assets/images/slides/home-bg-1.jpg]
[incognitothemes.com/spyder/works.html]
[incognitothemes.com/spyder/assets/images/bg-left-img-2.jpg]
[incognitothemes.com/spyder/assets/images/bg-left-img.jpg]
[incognitothemes.com/spyder/assets/images/team/team-01.jpg]
[incognitothemes.com/spyder/assets/images/team/team-02.jpg]
[incognitothemes.com/spyder/assets/images/team/team-03.jpg]
[incognitothemes.com/spyder/assets/images/team/team-04.jpg]
[incognitothemes.com/spyder/assets/images/portfolio/grid/9.jpg]
[incognitothemes.com/spyder/assets/images/portfolio/grid/10.jpg]
[incognitothemes.com/spyder/assets/images/portfolio/grid/11.jpg]
[incognitothemes.com/spyder/assets/images/portfolio/grid/12.jpg]
[incognitothemes.com/spyder/assets/images/portfolio/grid/13.jpg]
[incognitothemes.com/spyder/assets/images/portfolio/grid/14.jpg]
[incognitothemes.com/spyder/assets/images/portfolio/grid/15.jpg]
[incognitothemes.com/spyder/assets/images/team/avatar-1.jpg]
[incognitothemes.com/spyder/assets/images/team/avatar-2.jpg]
[incognitothemes.com/spyder/assets/images/team/avatar-3.jpg]
[incognitothemes.com/spyder/blog.html]
[incognitothemes.com/spyder/assets/images/post/post-01.jpg]
[incognitothemes.com/spyder/assets/images/post/post-03.jpg]
[incognitothemes.com/spyder/assets/images/post/post-04.jpg]
[incognitothemes.com/spyder/assets/images/post/post-05.jpg]
[incognitothemes.com/spyder/assets/js/smoothscroll.js]
[incognitothemes.com/spyder/assets/js/jquery.min.js]
[incognitothemes.com/spyder/assets/js/master.js]
[incognitothemes.com/spyder/revolution/js/jquery.themepunch.tools.min.js]
[incognitothemes.com/spyder/assets/js/plugins.js]
[incognitothemes.com/spyder/revolution/js/jquery.themepunch.revolution.min.js]
[incognitothemes.com/spyder/revolution/js/revolution.extension.actions.min.js]
[incognitothemes.com/spyder/revolution/js/revolution.extension.carousel.min.js]
[incognitothemes.com/spyder/revolution/js/revolution.extension.kenburn.min.js]
[incognitothemes.com/spyder/revolution/js/revolution.extension.migration.min.js]
[incognitothemes.com/spyder/revolution/js/revolution.extension.layeranimation.min.js]
[incognitothemes.com/spyder/revolution/js/revolution.extension.navigation.min.js]
[incognitothemes.com/spyder/revolution/js/revolution.extension.parallax.min.js]
[incognitothemes.com/spyder/revolution/js/revolution.extension.slideanims.min.js]
[incognitothemes.com/spyder/revolution/js/revolution.extension.video.min.js]
[incognitothemes.com/spyder/index.html]
[incognitothemes.com/spyder/assets/css/bootstrap.min.css]
[incognitothemes.com/spyder/assets/css/custom-icons.min.css]
[incognitothemes.com/spyder/assets/css/icofont.min.css]
[incognitothemes.com/spyder/assets/css/cubeportfolio.css]
[incognitothemes.com/spyder/assets/css/bootsnav.css]
[incognitothemes.com/spyder/assets/css/slick.css]
[incognitothemes.com/spyder/assets/css/animate.css]
[incognitothemes.com/spyder/assets/images/select-arrow.37.delayed]
[incognitothemes.com/spyder/assets/images/background/pattern-bg-dark.jpg]
[incognitothemes.com/spyder/assets/images/light-pattern.png]
[incognitothemes.com/spyder/assets/images/colored-pattern.png]
[incognitothemes.com/spyder/assets/images/slide-shape.png]
[incognitothemes.com/spyder/assets/css/master.css]
[incognitothemes.com/spyder/assets/css/responsive.css]
[incognitothemes.com/spyder/revolution/fonts/revicons/revicons90c6.eot]
[incognitothemes.com/spyder/revolution/fonts/revicons/revicons90c6.woff]
[incognitothemes.com/spyder/revolution/fonts/revicons/revicons90c6.ttf]
[incognitothemes.com/spyder/revolution/fonts/revicons/revicons90c6.svg]
[incognitothemes.com/spyder/revolution/css/openhand.45.delayed]
[incognitothemes.com/spyder/revolution/css/closedhand.cur]
[incognitothemes.com/spyder/revolution/assets/gridtile.png]
[incognitothemes.com/spyder/revolution/assets/gridtile_white.png]
[incognitothemes.com/spyder/revolution/assets/gridtile_3x3.png]
[incognitothemes.com/spyder/revolution/assets/gridtile_3x3_white.png]
[incognitothemes.com/spyder/revolution/assets/coloredbg.png]
[incognitothemes.com/spyder/revolution/assets/loader.gif]
[incognitothemes.com/spyder/revolution/css/settings.css]
[incognitothemes.com/spyder/revolution/css/layers.css]
[incognitothemes.com/spyder/revolution/css/navigation.css]
[incognitothemes.com/spyder/index-2.html]
[incognitothemes.com/spyder/assets/images/background/parallax-bg-2.jpg]
[incognitothemes.com/spyder/assets/images/portfolio/grid/1.jpg]
[incognitothemes.com/spyder/assets/images/portfolio/grid/2.jpg]
[incognitothemes.com/spyder/assets/images/portfolio/grid/3.jpg]
[incognitothemes.com/spyder/assets/images/portfolio/grid/4.jpg]
[incognitothemes.com/spyder/assets/images/portfolio/grid/5.jpg]
[incognitothemes.com/spyder/assets/images/portfolio/grid/6.jpg]
[incognitothemes.com/spyder/assets/images/portfolio/grid/7.jpg]
[incognitothemes.com/spyder/assets/images/portfolio/grid/8.jpg]
[incognitothemes.com/spyder/works.html]
[incognitothemes.com/spyder/assets/images/bg-left-img-2.jpg]
[incognitothemes.com/spyder/assets/images/team/team-02.jpg]
[incognitothemes.com/spyder/assets/images/post/post-06.jpg]
[incognitothemes.com/spyder/assets/images/about-me.jpg]
[incognitothemes.com/spyder/assets/images/post/post-img-1.jpg]
[incognitothemes.com/spyder/assets/images/post/post-img-2.jpg]
[incognitothemes.com/spyder/assets/images/post/post-img-3.jpg]
[incognitothemes.com/spyder/blog.html]
[incognitothemes.com/spyder/assets/fonts/glyphicons-halflings-regular.63.delayed]
[incognitothemes.com/spyder/assets/fonts/glyphicons-halflings-regulard41d.eot]
[incognitothemes.com/spyder/assets/fonts/glyphicons-halflings-regular.woff2]
[incognitothemes.com/spyder/assets/fonts/glyphicons-halflings-regular.woff]
[incognitothemes.com/spyder/assets/fonts/glyphicons-halflings-regular.ttf]
[incognitothemes.com/spyder/assets/fonts/glyphicons-halflings-regular.svg]
[incognitothemes.com/spyder/assets/css/bootstrap.min.css]
[incognitothemes.com/spyder/assets/fonts/ionicons28b5.eot]
[incognitothemes.com/spyder/assets/fonts/ionicons28b5.ttf]
[incognitothemes.com/spyder/assets/fonts/ionicons28b5.woff]
[incognitothemes.com/spyder/assets/fonts/ionicons28b5.svg]
[incognitothemes.com/spyder/assets/fonts/et-line.eot]
[incognitothemes.com/spyder/assets/fonts/et-line.woff]
[incognitothemes.com/spyder/assets/fonts/et-lined41d.eot]
[incognitothemes.com/spyder/assets/fonts/et-line.ttf]
[incognitothemes.com/spyder/assets/fonts/et-line.svg]
[incognitothemes.com/spyder/assets/css/custom-icons.min.css]
[incognitothemes.com/spyder/assets/fonts/icofont.woff2]
[incognitothemes.com/spyder/assets/fonts/icofont.woff]
[incognitothemes.com/spyder/assets/css/icofont.min.css]
[incognitothemes.com/spyder/assets/images/cbp-loading.gif]
[incognitothemes.com/spyder/assets/images/cbp-sprite.png]
[incognitothemes.com/spyder/assets/css/cubeportfolio.css]
[incognitothemes.com/spyder/assets/css/bootsnav.css]
[incognitothemes.com/spyder/assets/css/slick.css]
[incognitothemes.com/spyder/assets/css/animate.css]
[incognitothemes.com/spyder/assets/images/select-arrow.html]
[incognitothemes.com/spyder/assets/images/background/pattern-bg-dark.html]
[incognitothemes.com/spyder/assets/images/light-pattern.html]
[incognitothemes.com/spyder/assets/images/colored-pattern.html]
[incognitothemes.com/spyder/assets/images/slide-shape.html]
[incognitothemes.com/spyder/revolution/fonts/revicons/revicons90c6.svg]
[incognitothemes.com/spyder/revolution/css/openhand.html]
[incognitothemes.com/spyder/revolution/css/closedhand.html]
[incognitothemes.com/spyder/revolution/assets/gridtile.html]
[incognitothemes.com/spyder/revolution/assets/gridtile_white.html]
[incognitothemes.com/spyder/revolution/assets/gridtile_3x3.html]
[incognitothemes.com/spyder/revolution/assets/gridtile_3x3_white.html]
[incognitothemes.com/spyder/revolution/assets/coloredbg.html]
[incognitothemes.com/spyder/revolution/assets/loader.html]
[incognitothemes.com/spyder/assets/fonts/glyphicons-halflings-regular.html]
[incognitothemes.com/spyder/assets/fonts/glyphicons-halflings-regulard41d.html]
[incognitothemes.com/spyder/assets/fonts/glyphicons-halflings-regular-2.html]
[incognitothemes.com/spyder/assets/fonts/glyphicons-halflings-regular-3.html]
[incognitothemes.com/spyder/assets/fonts/glyphicons-halflings-regular-4.html]
[incognitothemes.com/spyder/assets/fonts/glyphicons-halflings-regular-5.html]
[incognitothemes.com/spyder/assets/fonts/ionicons28b5.svg]
[incognitothemes.com/spyder/assets/fonts/et-line.svg]
[incognitothemes.com/spyder/assets/images/background/parallax-bg-2.jpg]
