[hashmet.com/mami-underconstruction-theme/html/light_index.html]
[backblue.gif]
[fade.gif]
[index.html]
[hashmet.com/mami-underconstruction-theme/node_modules/malihu-custom-scrollbar-plugin/jquery.mCustomScrollbar.css]
[hashmet.com/mami-underconstruction-theme/node_modules/jquery-modal/jquery.modal.css]
[hashmet.com/mami-underconstruction-theme/node_modules/normalize.css/normalize.css]
[hashmet.com/mami-underconstruction-theme/assets/style/utils.css]
[hashmet.com/mami-underconstruction-theme/assets/style/font.css]
[hashmet.com/mami-underconstruction-theme/assets/style/style.css]
[hashmet.com/mami-underconstruction-theme/assets/style/customizing.css]
[hashmet.com/mami-underconstruction-theme/assets/images/close_menu.png]
[hashmet.com/mami-underconstruction-theme/node_modules/jquery-validation/dist/jquery.validate.min.js]
[hashmet.com/mami-underconstruction-theme/node_modules/particles.js/particles.js]
[hashmet.com/mami-underconstruction-theme/assets/js/main.js]
[hashmet.com/mami-underconstruction-theme/assets/js/form-validation.js]
[hashmet.com/mami-underconstruction-theme/html/light_index.html]
[hashmet.com/mami-underconstruction-theme/assets/js/customizing.js]
[hashmet.com/mami-underconstruction-theme/node_modules/malihu-custom-scrollbar-plugin/mCSB_buttons.png]
[hashmet.com/mami-underconstruction-theme/node_modules/malihu-custom-scrollbar-plugin/jquery.mCustomScrollbar.css]
[hashmet.com/mami-underconstruction-theme/node_modules/jquery-modal/jquery.modal.css]
[hashmet.com/mami-underconstruction-theme/node_modules/normalize.css/normalize.css]
[hashmet.com/mami-underconstruction-theme/assets/style/utils.css]
[hashmet.com/mami-underconstruction-theme/assets/style/font.css]
[hashmet.com/mami-underconstruction-theme/node_modules/malihu-custom-scrollbar-plugin/jquery.mCustomScrollbar.js]
[hashmet.com/mami-underconstruction-theme/assets/images/bg001.jpg]
[hashmet.com/mami-underconstruction-theme/assets/images/bg006.jpg]
[hashmet.com/mami-underconstruction-theme/assets/style/style.css]
[hashmet.com/mami-underconstruction-theme/assets/images/check.png]
[hashmet.com/mami-underconstruction-theme/node_modules/jquery/dist/jquery.js]
[hashmet.com/mami-underconstruction-theme/assets/style/customizing.css]
