[coderthemes.com/hyper/saas/index.html]
[backblue.gif]
[fade.gif]
[index.html]
[coderthemes.com/hyper/saas/assets/images/favicon.ico]
[coderthemes.com/hyper/saas/assets/css/vendor/jquery-jvectormap-1.2.2.css]
[coderthemes.com/hyper/saas/assets/css/icons.min.css]
[coderthemes.com/hyper/saas/assets/images/logo.png]
[coderthemes.com/hyper/saas/assets/images/logo_sm.png]
[coderthemes.com/hyper/saas/assets/images/logo-dark.png]
[coderthemes.com/hyper/saas/assets/images/logo_sm_dark.png]
[coderthemes.com/hyper/saas/dashboard-analytics.html]
[coderthemes.com/hyper/saas/dashboard-projects.html]
[coderthemes.com/hyper/saas/dashboard-wallet.html]
[coderthemes.com/hyper/saas/apps-calendar.html]
[coderthemes.com/hyper/saas/apps-chat.html]
[coderthemes.com/hyper/saas/crm-dashboard.html]
[coderthemes.com/hyper/saas/crm-projects.html]
[coderthemes.com/hyper/saas/crm-orders-list.html]
[coderthemes.com/hyper/saas/crm-clients.html]
[coderthemes.com/hyper/saas/crm-management.html]
[coderthemes.com/hyper/saas/apps-ecommerce-products.html]
[coderthemes.com/hyper/saas/apps-ecommerce-products-details.html]
[coderthemes.com/hyper/saas/apps-ecommerce-orders.html]
[coderthemes.com/hyper/saas/apps-ecommerce-orders-details.html]
[coderthemes.com/hyper/saas/apps-ecommerce-customers.html]
[coderthemes.com/hyper/saas/apps-ecommerce-shopping-cart.html]
[coderthemes.com/hyper/saas/apps-ecommerce-checkout.html]
[coderthemes.com/hyper/saas/apps-ecommerce-sellers.html]
[coderthemes.com/hyper/saas/apps-email-read.html]
[coderthemes.com/hyper/saas/apps-projects-list.html]
[coderthemes.com/hyper/saas/apps-projects-details.html]
[coderthemes.com/hyper/saas/apps-projects-gantt.html]
[coderthemes.com/hyper/saas/apps-projects-add.html]
[coderthemes.com/hyper/saas/apps-social-feed.html]
[coderthemes.com/hyper/saas/apps-tasks.html]
[coderthemes.com/hyper/saas/apps-tasks-details.html]
[coderthemes.com/hyper/saas/apps-kanban.html]
[coderthemes.com/hyper/saas/apps-file-manager.html]
[coderthemes.com/hyper/saas/pages-profile.html]
[coderthemes.com/hyper/saas/pages-profile-2.html]
[coderthemes.com/hyper/saas/pages-invoice.html]
[coderthemes.com/hyper/saas/pages-faq.html]
[coderthemes.com/hyper/saas/pages-pricing.html]
[coderthemes.com/hyper/saas/pages-maintenance.html]
[coderthemes.com/hyper/saas/pages-login.html]
[coderthemes.com/hyper/saas/pages-login-2.html]
[coderthemes.com/hyper/saas/pages-register.html]
[coderthemes.com/hyper/saas/pages-register-2.html]
[coderthemes.com/hyper/saas/pages-logout.html]
[coderthemes.com/hyper/saas/pages-logout-2.html]
[coderthemes.com/hyper/saas/pages-recoverpw.html]
[coderthemes.com/hyper/saas/pages-recoverpw-2.html]
[coderthemes.com/hyper/saas/pages-lock-screen.html]
[coderthemes.com/hyper/saas/pages-lock-screen-2.html]
[coderthemes.com/hyper/saas/pages-confirm-mail.html]
[coderthemes.com/hyper/saas/pages-confirm-mail-2.html]
[coderthemes.com/hyper/saas/pages-404.html]
[coderthemes.com/hyper/saas/pages-404-alt.html]
[coderthemes.com/hyper/saas/pages-500.html]
[coderthemes.com/hyper/saas/pages-starter.html]
[coderthemes.com/hyper/saas/pages-preloader.html]
[coderthemes.com/hyper/saas/pages-timeline.html]
[coderthemes.com/hyper/saas/landing.html]
[coderthemes.com/hyper/saas/layouts-horizontal.html]
[coderthemes.com/hyper/saas/layouts-detached.html]
[coderthemes.com/hyper/saas/layouts-full.html]
[coderthemes.com/hyper/saas/ui-accordions.html]
[coderthemes.com/hyper/saas/ui-alerts.html]
[coderthemes.com/hyper/saas/ui-avatars.html]
[coderthemes.com/hyper/saas/ui-badges.html]
[coderthemes.com/hyper/saas/ui-breadcrumb.html]
[coderthemes.com/hyper/saas/ui-buttons.html]
[coderthemes.com/hyper/saas/ui-cards.html]
[coderthemes.com/hyper/saas/ui-carousel.html]
[coderthemes.com/hyper/saas/ui-dropdowns.html]
[coderthemes.com/hyper/saas/ui-embed-video.html]
[coderthemes.com/hyper/saas/ui-list-group.html]
[coderthemes.com/hyper/saas/ui-notifications.html]
[coderthemes.com/hyper/saas/ui-offcanvas.html]
[coderthemes.com/hyper/saas/ui-placeholders.html]
[coderthemes.com/hyper/saas/ui-pagination.html]
[coderthemes.com/hyper/saas/ui-popovers.html]
[coderthemes.com/hyper/saas/ui-progress.html]
[coderthemes.com/hyper/saas/ui-ribbons.html]
[coderthemes.com/hyper/saas/ui-spinners.html]
[coderthemes.com/hyper/saas/ui-tabs.html]
[coderthemes.com/hyper/saas/ui-tooltips.html]
[coderthemes.com/hyper/saas/ui-typography.html]
[coderthemes.com/hyper/saas/extended-range-slider.html]
[coderthemes.com/hyper/saas/extended-ratings.html]
[coderthemes.com/hyper/saas/extended-scrollbar.html]
[coderthemes.com/hyper/saas/extended-scrollspy.html]
[coderthemes.com/hyper/saas/extended-treeview.html]
[coderthemes.com/hyper/saas/widgets.html]
[coderthemes.com/hyper/saas/icons-dripicons.html]
[coderthemes.com/hyper/saas/icons-mdi.html]
[coderthemes.com/hyper/saas/icons-unicons.html]
[coderthemes.com/hyper/saas/form-elements.html]
[coderthemes.com/hyper/saas/form-advanced.html]
[coderthemes.com/hyper/saas/form-validation.html]
[coderthemes.com/hyper/saas/form-wizard.html]
[coderthemes.com/hyper/saas/form-fileuploads.html]
[coderthemes.com/hyper/saas/form-editors.html]
[coderthemes.com/hyper/saas/charts-apex-area.html]
[coderthemes.com/hyper/saas/charts-apex-bar.html]
[coderthemes.com/hyper/saas/charts-apex-bubble.html]
[coderthemes.com/hyper/saas/charts-apex-candlestick.html]
[coderthemes.com/hyper/saas/charts-apex-column.html]
[coderthemes.com/hyper/saas/charts-apex-heatmap.html]
[coderthemes.com/hyper/saas/charts-apex-line.html]
[coderthemes.com/hyper/saas/charts-apex-mixed.html]
[coderthemes.com/hyper/saas/charts-apex-pie.html]
[coderthemes.com/hyper/saas/charts-apex-radar.html]
[coderthemes.com/hyper/saas/charts-apex-radialbar.html]
[coderthemes.com/hyper/saas/charts-apex-scatter.html]
[coderthemes.com/hyper/saas/charts-apex-sparklines.html]
[coderthemes.com/hyper/saas/charts-brite.html]
[coderthemes.com/hyper/saas/charts-chartjs.html]
[coderthemes.com/hyper/saas/charts-sparkline.html]
[coderthemes.com/hyper/saas/tables-basic.html]
[coderthemes.com/hyper/saas/tables-datatable.html]
[coderthemes.com/hyper/saas/maps-google.html]
[coderthemes.com/hyper/saas/maps-vector.html]
[coderthemes.com/hyper/saas/assets/images/flags/us.jpg]
[coderthemes.com/hyper/saas/assets/images/flags/germany.jpg]
[coderthemes.com/hyper/saas/assets/images/flags/italy.jpg]
[coderthemes.com/hyper/saas/assets/images/flags/spain.jpg]
[coderthemes.com/hyper/saas/assets/images/flags/russia.jpg]
[coderthemes.com/hyper/saas/assets/images/users/avatar-2.jpg]
[coderthemes.com/hyper/saas/assets/images/users/avatar-4.jpg]
[coderthemes.com/hyper/saas/assets/images/brands/slack.png]
[coderthemes.com/hyper/saas/assets/images/brands/github.png]
[coderthemes.com/hyper/saas/assets/images/brands/dribbble.png]
[coderthemes.com/hyper/saas/assets/images/brands/bitbucket.png]
[coderthemes.com/hyper/saas/assets/images/brands/dropbox.png]
[coderthemes.com/hyper/saas/assets/images/brands/g-suite.png]
[coderthemes.com/hyper/saas/assets/images/users/avatar-1.jpg]
[coderthemes.com/hyper/saas/assets/images/users/avatar-5.jpg]
[coderthemes.com/hyper/saas/assets/js/app.min.js]
[coderthemes.com/hyper/saas/assets/js/vendor/apexcharts.min.js]
[coderthemes.com/hyper/saas/assets/js/vendor/jquery-jvectormap-1.2.2.min.js]
[coderthemes.com/hyper/saas/assets/js/vendor/jquery-jvectormap-world-mill-en.js]
[coderthemes.com/hyper/saas/assets/js/pages/demo.dashboard.js]
[coderthemes.com/hyper/saas/index.html]
[coderthemes.com/hyper/saas/assets/css/vendor/jquery-jvectormap-1.2.2.css]
[coderthemes.com/hyper/saas/assets/fonts/unicons8adf.eot]
[coderthemes.com/hyper/saas/assets/fonts/unicons8adf.woff2]
[coderthemes.com/hyper/saas/assets/js/vendor.min.js]
[coderthemes.com/hyper/saas/assets/fonts/unicons8adf.woff]
[coderthemes.com/hyper/saas/assets/fonts/unicons8adf.ttf]
[coderthemes.com/hyper/saas/assets/fonts/dripicons-v2.eot]
[coderthemes.com/hyper/saas/assets/fonts/dripicons-v2d41d.eot]
[coderthemes.com/hyper/saas/assets/fonts/dripicons-v2.woff]
[coderthemes.com/hyper/saas/assets/fonts/dripicons-v2.ttf]
[coderthemes.com/hyper/saas/assets/fonts/materialdesignicons-webfont1d2d.eot]
[coderthemes.com/hyper/saas/assets/fonts/materialdesignicons-webfontd41d.eot]
[coderthemes.com/hyper/saas/assets/fonts/materialdesignicons-webfont1d2d.woff2]
[coderthemes.com/hyper/saas/assets/fonts/materialdesignicons-webfont1d2d.woff]
[coderthemes.com/hyper/saas/assets/fonts/materialdesignicons-webfont1d2d.ttf]
[coderthemes.com/hyper/saas/assets/css/icons.min.css]
[coderthemes.com/hyper/saas/assets/css/app.min.css]
[coderthemes.com/hyper/saas/assets/js/pages/demo.dashboard-analytics.js]
[coderthemes.com/hyper/saas/dashboard-analytics.html]
[coderthemes.com/hyper/saas/assets/images/users/avatar-6.jpg]
[coderthemes.com/hyper/saas/assets/images/users/avatar-3.jpg]
[coderthemes.com/hyper/saas/assets/js/vendor/chart.min.js]
[coderthemes.com/hyper/saas/assets/js/pages/demo.dashboard-projects.js]
[coderthemes.com/hyper/saas/dashboard-projects.html]
[coderthemes.com/hyper/saas/assets/images/bg-pattern.png]
[apexcharts.com/samples/assets/stock-prices.js]
[apexcharts.com/samples/assets/github-data.js]
[apexcharts.com/samples/assets/irregular-data-series.js]
[coderthemes.com/hyper/saas/assets/js/pages/demo.dashboard-wallet.js]
[coderthemes.com/hyper/saas/dashboard-wallet.html]
[coderthemes.com/hyper/saas/assets/css/vendor/fullcalendar.min.css]
[coderthemes.com/hyper/saas/assets/js/vendor/fullcalendar.min.js]
[coderthemes.com/hyper/saas/apps-calendar.html]
[coderthemes.com/hyper/saas/assets/images/users/avatar-7.jpg]
[coderthemes.com/hyper/saas/assets/images/users/avatar-10.jpg]
[coderthemes.com/hyper/saas/assets/images/users/avatar-8.jpg]
[coderthemes.com/hyper/saas/apps-chat.html]
[coderthemes.com/hyper/saas/assets/js/ui/component.todo.js]
[coderthemes.com/hyper/saas/assets/js/pages/demo.crm-dashboard.js]
[coderthemes.com/hyper/saas/crm-dashboard.html]
[coderthemes.com/hyper/saas/assets/js/pages/demo.crm-project.js]
[coderthemes.com/hyper/saas/crm-projects.html]
[coderthemes.com/hyper/saas/assets/images/users/avatar-9.jpg]
[coderthemes.com/hyper/saas/crm-orders-list.html]
[coderthemes.com/hyper/saas/crm-clients.html]
[coderthemes.com/hyper/saas/assets/js/pages/demo.crm-management.js]
[coderthemes.com/hyper/saas/crm-management.html]
[coderthemes.com/hyper/saas/assets/css/vendor/dataTables.bootstrap5.css]
[coderthemes.com/hyper/saas/assets/css/vendor/responsive.bootstrap5.css]
[coderthemes.com/hyper/saas/assets/images/products/product-1.jpg]
[coderthemes.com/hyper/saas/assets/images/products/product-4.jpg]
[coderthemes.com/hyper/saas/assets/images/products/product-3.jpg]
[coderthemes.com/hyper/saas/assets/images/products/product-5.jpg]
[coderthemes.com/hyper/saas/assets/images/products/product-6.jpg]
[coderthemes.com/hyper/saas/assets/images/products/product-2.jpg]
[coderthemes.com/hyper/saas/assets/js/vendor/jquery.dataTables.min.js]
[coderthemes.com/hyper/saas/assets/js/vendor/dataTables.bootstrap5.js]
[coderthemes.com/hyper/saas/assets/js/vendor/dataTables.responsive.min.js]
[coderthemes.com/hyper/saas/assets/js/vendor/responsive.bootstrap5.min.js]
[coderthemes.com/hyper/saas/assets/js/vendor/dataTables.checkboxes.min.js]
[coderthemes.com/hyper/saas/assets/js/pages/demo.products.js]
[coderthemes.com/hyper/saas/apps-ecommerce-products.html]
[coderthemes.com/hyper/saas/apps-ecommerce-products-details.html]
[coderthemes.com/hyper/saas/apps-ecommerce-orders.html]
[coderthemes.com/hyper/saas/apps-ecommerce-orders-details.html]
[coderthemes.com/hyper/saas/assets/js/pages/demo.customers.js]
[coderthemes.com/hyper/saas/apps-ecommerce-customers.html]
[coderthemes.com/hyper/saas/apps-ecommerce-shopping-cart.html]
[coderthemes.com/hyper/saas/assets/images/payments/paypal.png]
[coderthemes.com/hyper/saas/assets/images/payments/master.png]
[coderthemes.com/hyper/saas/assets/images/payments/discover.png]
[coderthemes.com/hyper/saas/assets/images/payments/visa.png]
[coderthemes.com/hyper/saas/assets/images/payments/stripe.png]
[coderthemes.com/hyper/saas/assets/images/payments/payoneer.png]
[coderthemes.com/hyper/saas/assets/images/payments/cod.png]
[coderthemes.com/hyper/saas/apps-ecommerce-checkout.html]
[coderthemes.com/hyper/saas/assets/js/pages/demo.sellers.js]
[coderthemes.com/hyper/saas/apps-ecommerce-sellers.html]
[coderthemes.com/hyper/saas/apps-email-inbox.html]
[coderthemes.com/hyper/saas/assets/css/vendor/simplemde.min.css]
[coderthemes.com/hyper/saas/assets/images/projects/project-1.jpg]
[coderthemes.com/hyper/saas/assets/js/vendor/simplemde.min.js]
[coderthemes.com/hyper/saas/apps-email-read.html]
[coderthemes.com/hyper/saas/assets/images/projects/project-2.jpg]
[coderthemes.com/hyper/saas/assets/images/projects/project-3.jpg]
[coderthemes.com/hyper/saas/assets/images/projects/project-4.jpg]
[coderthemes.com/hyper/saas/apps-projects-list.html]
[coderthemes.com/hyper/saas/assets/js/pages/demo.project-detail.js]
[coderthemes.com/hyper/saas/apps-projects-details.html]
[coderthemes.com/hyper/saas/assets/css/vendor/frappe-gantt.css]
[coderthemes.com/hyper/saas/assets/js/vendor/frappe-gantt.min.js]
[coderthemes.com/hyper/saas/assets/js/pages/demo.project-gantt.js]
[coderthemes.com/hyper/saas/apps-projects-gantt.html]
[coderthemes.com/hyper/saas/assets/js/vendor/dropzone.min.js]
[coderthemes.com/hyper/saas/assets/js/ui/component.fileupload.js]
[coderthemes.com/hyper/saas/apps-projects-add.html]
[coderthemes.com/hyper/saas/assets/images/small/small-4.jpg]
[coderthemes.com/hyper/saas/assets/images/small/small-2.jpg]
[coderthemes.com/hyper/saas/assets/images/small/small-3.jpg]
[coderthemes.com/hyper/saas/apps-social-feed.html]
[coderthemes.com/hyper/saas/assets/css/vendor/quill.bubble.css]
[coderthemes.com/hyper/saas/assets/css/vendor/quill.core.css]
[coderthemes.com/hyper/saas/assets/css/vendor/quill.snow.css]
[coderthemes.com/hyper/saas/assets/js/vendor/quill.min.js]
[coderthemes.com/hyper/saas/assets/js/pages/demo.tasks.js]
[coderthemes.com/hyper/saas/apps-tasks.html]
[coderthemes.com/hyper/saas/apps-tasks-details.html]
[coderthemes.com/hyper/saas/assets/js/vendor/dragula.min.js]
[coderthemes.com/hyper/saas/assets/js/ui/component.dragula.js]
[coderthemes.com/hyper/saas/apps-kanban.html]
[coderthemes.com/hyper/saas/apps-file-manager.html]
[coderthemes.com/hyper/saas/assets/js/pages/demo.profile.js]
[coderthemes.com/hyper/saas/pages-profile.html]
[coderthemes.com/hyper/saas/assets/images/small/small-1.jpg]
[coderthemes.com/hyper/saas/pages-profile-2.html]
[coderthemes.com/hyper/saas/assets/images/logo-light.png]
[coderthemes.com/hyper/saas/assets/images/barcode.png]
[coderthemes.com/hyper/saas/pages-invoice.html]
[coderthemes.com/hyper/saas/pages-faq.html]
[coderthemes.com/hyper/saas/pages-pricing.html]
[coderthemes.com/hyper/saas/pages-maintenance.html]
[coderthemes.com/hyper/saas/pages-login.html]
[coderthemes.com/hyper/saas/pages-login-2.html]
[coderthemes.com/hyper/saas/pages-register.html]
[coderthemes.com/hyper/saas/pages-register-2.html]
[coderthemes.com/hyper/saas/pages-logout.html]
[coderthemes.com/hyper/saas/pages-logout-2.html]
[coderthemes.com/hyper/saas/pages-recoverpw.html]
[coderthemes.com/hyper/saas/pages-recoverpw-2.html]
[coderthemes.com/hyper/saas/pages-lock-screen.html]
[coderthemes.com/hyper/saas/pages-lock-screen-2.html]
[coderthemes.com/hyper/saas/pages-confirm-mail.html]
[coderthemes.com/hyper/saas/pages-confirm-mail-2.html]
[coderthemes.com/hyper/saas/pages-404.html]
[coderthemes.com/hyper/saas/pages-404-alt.html]
[coderthemes.com/hyper/saas/pages-500.html]
[coderthemes.com/hyper/saas/pages-starter.html]
[coderthemes.com/hyper/saas/pages-preloader.html]
[coderthemes.com/hyper/saas/pages-timeline.html]
[coderthemes.com/hyper/saas/assets/images/layouts/layout-1.png]
[coderthemes.com/hyper/saas/assets/images/layouts/layout-2.png]
[coderthemes.com/hyper/saas/assets/images/layouts/layout-3.png]
[coderthemes.com/hyper/saas/assets/images/layouts/layout-5.png]
[coderthemes.com/hyper/saas/assets/images/layouts/layout-6.png]
[coderthemes.com/hyper/saas/assets/images/layouts/layout-4.png]
[coderthemes.com/hyper/saas/landing.html]
[coderthemes.com/hyper/saas/layouts-horizontal.html]
[coderthemes.com/hyper/saas/layouts-detached.html]
[coderthemes.com/hyper/saas/layouts-full.html]
[coderthemes.com/hyper/saas/ui-accordions.html]
[coderthemes.com/hyper/saas/assets/js/pages/demo.toastr.js]
[coderthemes.com/hyper/saas/ui-alerts.html]
[coderthemes.com/hyper/saas/ui-avatars.html]
[coderthemes.com/hyper/saas/ui-badges.html]
[coderthemes.com/hyper/saas/ui-breadcrumb.html]
[coderthemes.com/hyper/saas/ui-buttons.html]
[coderthemes.com/hyper/saas/ui-cards.html]
[coderthemes.com/hyper/saas/ui-carousel.html]
[coderthemes.com/hyper/saas/ui-dropdowns.html]
[coderthemes.com/hyper/saas/ui-embed-video.html]
[coderthemes.com/hyper/saas/ui-list-group.html]
[coderthemes.com/hyper/saas/ui-notifications.html]
[coderthemes.com/hyper/saas/ui-offcanvas.html]
[coderthemes.com/hyper/saas/ui-placeholders.html]
[coderthemes.com/hyper/saas/ui-pagination.html]
[coderthemes.com/hyper/saas/ui-popovers.html]
[coderthemes.com/hyper/saas/ui-progress.html]
[coderthemes.com/hyper/saas/ui-ribbons.html]
[coderthemes.com/hyper/saas/ui-spinners.html]
[coderthemes.com/hyper/saas/ui-tabs.html]
[coderthemes.com/hyper/saas/ui-tooltips.html]
[coderthemes.com/hyper/saas/ui-typography.html]
[coderthemes.com/hyper/saas/ui-modals.html]
[coderthemes.com/hyper/saas/ui-grid.html]
[coderthemes.com/hyper/saas/assets/js/vendor/ion.rangeSlider.min.js]
[coderthemes.com/hyper/saas/assets/js/ui/component.range-slider.js]
[coderthemes.com/hyper/saas/extended-range-slider.html]
[coderthemes.com/hyper/saas/assets/js/vendor/jquery.rateit.min.js]
[coderthemes.com/hyper/saas/extended-dragula.html]
[coderthemes.com/hyper/saas/assets/js/ui/component.rating.js]
[coderthemes.com/hyper/saas/extended-ratings.html]
[coderthemes.com/hyper/saas/extended-scrollbar.html]
[coderthemes.com/hyper/saas/extended-scrollspy.html]
[coderthemes.com/hyper/saas/assets/css/vendor/jstree.min.css]
[coderthemes.com/hyper/saas/assets/js/vendor/jstree.min.js]
[coderthemes.com/hyper/saas/assets/js/pages/demo.jstree.js]
[coderthemes.com/hyper/saas/extended-treeview.html]
[coderthemes.com/hyper/saas/assets/js/ui/component.chat.js]
[coderthemes.com/hyper/saas/assets/js/pages/demo.widgets.js]
[coderthemes.com/hyper/saas/widgets.html]
[coderthemes.com/hyper/saas/icons-dripicons.html]
[coderthemes.com/hyper/saas/icons-mdi.html]
[coderthemes.com/hyper/saas/icons-unicons.html]
[coderthemes.com/hyper/saas/form-elements.html]
[coderthemes.com/hyper/saas/assets/js/pages/demo.materialdesignicons.js]
[coderthemes.com/hyper/saas/assets/js/vendor/handlebars.min.js]
[coderthemes.com/hyper/saas/assets/js/vendor/typeahead.bundle.min.js]
[coderthemes.com/hyper/saas/assets/js/pages/demo.typehead.js]
[coderthemes.com/hyper/saas/assets/js/pages/demo.timepicker.js]
[coderthemes.com/hyper/saas/form-advanced.html]
[coderthemes.com/hyper/saas/form-validation.html]
[coderthemes.com/hyper/saas/assets/js/pages/demo.form-wizard.js]
[coderthemes.com/hyper/saas/form-wizard.html]
[coderthemes.com/hyper/saas/form-fileuploads.html]
[coderthemes.com/hyper/saas/assets/js/pages/demo.quilljs.js]
[coderthemes.com/hyper/saas/assets/js/pages/demo.simplemde.js]
[coderthemes.com/hyper/saas/form-editors.html]
[coderthemes.com/hyper/saas/assets/js/pages/demo.apex-area.js]
[coderthemes.com/hyper/saas/charts-apex-area.html]
[coderthemes.com/hyper/saas/assets/js/pages/demo.apex-bar.js]
[coderthemes.com/hyper/saas/charts-apex-bar.html]
[coderthemes.com/hyper/saas/assets/js/pages/demo.apex-bubble.js]
[coderthemes.com/hyper/saas/charts-apex-bubble.html]
[apexcharts.com/samples/assets/ohlc.js]
[coderthemes.com/hyper/saas/assets/js/pages/demo.apex-candlestick.js]
[coderthemes.com/hyper/saas/charts-apex-candlestick.html]
[coderthemes.com/hyper/saas/assets/js/pages/demo.apex-column.js]
[coderthemes.com/hyper/saas/charts-apex-column.html]
[coderthemes.com/hyper/saas/assets/js/pages/demo.apex-heatmap.js]
[coderthemes.com/hyper/saas/charts-apex-heatmap.html]
[coderthemes.com/hyper/saas/assets/js/pages/demo.apex-line.js]
[coderthemes.com/hyper/saas/charts-apex-line.html]
[coderthemes.com/hyper/saas/assets/js/pages/demo.apex-mixed.js]
[coderthemes.com/hyper/saas/charts-apex-mixed.html]
[coderthemes.com/hyper/saas/assets/js/pages/demo.apex-pie.js]
[coderthemes.com/hyper/saas/charts-apex-pie.html]
[coderthemes.com/hyper/saas/assets/js/pages/demo.apex-radar.js]
[coderthemes.com/hyper/saas/charts-apex-radar.html]
[coderthemes.com/hyper/saas/assets/js/pages/demo.apex-radialbar.js]
[coderthemes.com/hyper/saas/charts-apex-radialbar.html]
[coderthemes.com/hyper/saas/assets/js/pages/demo.apex-scatter.js]
[coderthemes.com/hyper/saas/charts-apex-scatter.html]
[coderthemes.com/hyper/saas/assets/js/pages/demo.apex-sparklines.js]
[coderthemes.com/hyper/saas/charts-apex-sparklines.html]
[coderthemes.com/hyper/saas/assets/css/vendor/britecharts.min.css]
[coderthemes.com/hyper/saas/assets/js/pages/demo.britechart.js]
[coderthemes.com/hyper/saas/charts-brite.html]
[coderthemes.com/hyper/saas/assets/js/vendor/britecharts.min.js]
[coderthemes.com/hyper/saas/assets/js/pages/demo.chartjs.js]
[coderthemes.com/hyper/saas/charts-chartjs.html]
[coderthemes.com/hyper/saas/assets/js/vendor/d3.min.js]
[coderthemes.com/hyper/saas/assets/js/vendor/jquery.sparkline.min.js]
[coderthemes.com/hyper/saas/assets/js/pages/demo.sparkline.js]
[coderthemes.com/hyper/saas/charts-sparkline.html]
[coderthemes.com/hyper/saas/tables-basic.html]
[coderthemes.com/hyper/saas/assets/css/vendor/buttons.bootstrap5.css]
[coderthemes.com/hyper/saas/assets/css/vendor/select.bootstrap5.css]
[coderthemes.com/hyper/saas/assets/css/vendor/fixedHeader.bootstrap5.css]
[coderthemes.com/hyper/saas/assets/css/vendor/fixedColumns.bootstrap5.css]
[coderthemes.com/hyper/saas/assets/js/vendor/dataTables.buttons.min.js]
[coderthemes.com/hyper/saas/assets/js/vendor/buttons.bootstrap5.min.js]
[coderthemes.com/hyper/saas/assets/js/vendor/buttons.html5.min.js]
[coderthemes.com/hyper/saas/assets/js/vendor/buttons.flash.min.js]
[coderthemes.com/hyper/saas/assets/js/vendor/buttons.print.min.js]
[coderthemes.com/hyper/saas/assets/js/vendor/dataTables.keyTable.min.js]
[coderthemes.com/hyper/saas/assets/js/vendor/dataTables.select.min.js]
[coderthemes.com/hyper/saas/assets/js/vendor/fixedColumns.bootstrap5.min.js]
[coderthemes.com/hyper/saas/assets/js/vendor/fixedHeader.bootstrap5.min.js]
[coderthemes.com/hyper/saas/assets/js/pages/demo.datatable-init.js]
[coderthemes.com/hyper/saas/tables-datatable.html]
[coderthemes.com/hyper/saas/assets/js/vendor/gmaps.min.js]
[coderthemes.com/hyper/saas/assets/js/pages/demo.google-maps.js]
[coderthemes.com/hyper/saas/maps-google.html]
[coderthemes.com/hyper/saas/assets/js/vendor/jquery-jvectormap-us-merc-en.js]
[coderthemes.com/hyper/saas/assets/js/vendor/jquery-jvectormap-in-mill-en.js]
[coderthemes.com/hyper/saas/assets/js/vendor/jquery-jvectormap-au-mill-en.js]
[coderthemes.com/hyper/saas/assets/js/vendor/jquery-jvectormap-us-il-chicago-mill-en.js]
[coderthemes.com/hyper/saas/assets/js/vendor/jquery-jvectormap-uk-mill-en.js]
[coderthemes.com/hyper/saas/assets/js/vendor/jquery-jvectormap-ca-lcc-en.js]
[coderthemes.com/hyper/saas/assets/js/vendor/jquery-jvectormap-europe-mill-en.js]
[coderthemes.com/hyper/saas/assets/js/vendor/jquery-jvectormap-fr-merc-en.js]
[coderthemes.com/hyper/saas/assets/js/vendor/jquery-jvectormap-es-merc.js]
[coderthemes.com/hyper/saas/assets/js/vendor/jquery-jvectormap-es-mill.js]
[coderthemes.com/hyper/saas/assets/js/pages/demo.vector-maps.js]
[coderthemes.com/hyper/saas/maps-vector.html]
[coderthemes.com/hyper/saas/assets/images/help-icon.svg]
[coderthemes.com/hyper/saas/assets/fontsunicons8adf.html]
[coderthemes.com/hyper/saas/assets/fonts/unicons8adf.svg]
[coderthemes.com/hyper/saas/assets/fonts/dripicons-v2.svg]
[coderthemes.com/hyper/saas/assets/images/waves.png]
[coderthemes.com/hyper/saas/assets/fonts/Nunito-Light.eot]
[coderthemes.com/hyper/saas/assets/fonts/Nunito-Lightd41d.eot]
[coderthemes.com/hyper/saas/assets/fonts/Nunito-Light.woff]
[coderthemes.com/hyper/saas/assets/fonts/Nunito-Light.ttf]
[coderthemes.com/hyper/saas/assets/fonts/Nunito-Regular.eot]
[coderthemes.com/hyper/saas/assets/fonts/Nunito-Regulard41d.eot]
[coderthemes.com/hyper/saas/assets/fonts/Nunito-Regular.woff]
[coderthemes.com/hyper/saas/assets/fonts/Nunito-Regular.ttf]
[coderthemes.com/hyper/saas/assets/fonts/Nunito-SemiBold.eot]
[coderthemes.com/hyper/saas/assets/fonts/Nunito-SemiBoldd41d.eot]
[coderthemes.com/hyper/saas/assets/fonts/Nunito-SemiBold.woff]
[coderthemes.com/hyper/saas/assets/fonts/Nunito-SemiBold.ttf]
[coderthemes.com/hyper/saas/assets/fonts/Nunito-Bold.eot]
[coderthemes.com/hyper/saas/assets/fonts/Nunito-Boldd41d.eot]
[coderthemes.com/hyper/saas/assets/fonts/Nunito-Bold.woff]
[coderthemes.com/hyper/saas/assets/fonts/Nunito-Bold.ttf]
[coderthemes.com/hyper/saas/assets/images/bg-auth.jpg]
[coderthemes.com/hyper/saas/assets/css/app.min.css]
[coderthemes.com/hyper/saas/assets/images/email-campaign.svg]
[apexcharts.com/samples/assets/series1000.js]
[coderthemes.com/hyper/saas/assets/css/vendor/fullcalendar.min.css]
[www.datatables.net/examples/resources/details_open.png]
[www.datatables.net/examples/resources/details_close.png]
[coderthemes.com/hyper/saas/assets/css/vendor/dataTables.bootstrap5.css]
[coderthemes.com/hyper/saas/assets/css/vendor/responsive.bootstrap5.css]
[coderthemes.com/hyper/saas/apps-email-inbox.html]
[coderthemes.com/hyper/saas/assets/css/vendor/simplemde.min.css]
[coderthemes.com/hyper/saas/assets/css/vendor/frappe-gantt.css]
[coderthemes.com/hyper/saas/assets/css/vendor/quill.bubble.css]
[coderthemes.com/hyper/saas/assets/css/vendor/quill.core.css]
[coderthemes.com/hyper/saas/assets/css/vendor/quill.snow.css]
[coderthemes.com/hyper/saas/assets/images/maintenance.svg]
[coderthemes.com/hyper/saas/assets/images/mail_sent.svg]
[coderthemes.com/hyper/saas/assets/images/file-searching.svg]
[coderthemes.com/hyper/saas/assets/images/startman.svg]
[coderthemes.com/hyper/saas/assets/images/startup.svg]
[coderthemes.com/hyper/saas/assets/images/features-1.svg]
[coderthemes.com/hyper/saas/assets/images/features-2.svg]
[coderthemes.com/hyper/saas/ui-grid.html]
[coderthemes.com/hyper/saas/ui-modals.html]
[coderthemes.com/hyper/saas/extended-dragula.html]
[coderthemes.com/hyper/saas/assets/js/pages/demo.calendar.js]
[coderthemes.com/hyper/saas/assets/js/pages/demo.inbox.js]
[coderthemes.com/hyper/saas/assets/css/vendor/32px.png]
[coderthemes.com/hyper/saas/assets/css/vendor/throbber.gif]
[coderthemes.com/hyper/saas/assets/css/vendor/jstree.min.css]
[coderthemes.com/hyper/saas/assets/images/report.svg]
[coderthemes.com/hyper/saas/assets/css/vendor/britecharts.min.css]
[coderthemes.com/hyper/saas/assets/css/vendor/buttons.bootstrap5.css]
[coderthemes.com/hyper/saas/assets/css/vendor/select.bootstrap5.css]
[coderthemes.com/hyper/saas/assets/css/vendor/fixedHeader.bootstrap5.css]
[coderthemes.com/hyper/saas/assets/css/vendor/fixedColumns.bootstrap5.css]
[coderthemes.com/hyper/saas/assets/fonts/Nunito-Light.svg]
[coderthemes.com/hyper/saas/assets/fonts/Nunito-Regular.svg]
[coderthemes.com/hyper/saas/assets/fonts/Nunito-SemiBold.svg]
[coderthemes.com/hyper/saas/assets/fonts/Nunito-Bold.svg]
[coderthemes.com/hyper/saas/assets/images/bg-pattern-light.svg]
[coderthemes.com/hyper/saas/assets/css/vendor/40px.html]
