[avstechnolabs.com/Themeforest/Gaspar/01/Dark/index.html]
[backblue.gif]
[fade.gif]
[index.html]
[avstechnolabs.com/Themeforest/Gaspar/01/Dark/assets/images/logo/favicon.png]
[avstechnolabs.com/Themeforest/Gaspar/01/Dark/assets/images/colors/orange.png]
[avstechnolabs.com/Themeforest/Gaspar/01/Dark/assets/images/colors/purple.png]
[avstechnolabs.com/Themeforest/Gaspar/01/Dark/assets/images/colors/red.png]
[avstechnolabs.com/Themeforest/Gaspar/01/Dark/assets/images/colors/violet.png]
[avstechnolabs.com/Themeforest/Gaspar/01/Dark/assets/images/colors/blue.png]
[avstechnolabs.com/Themeforest/Gaspar/01/Dark/assets/images/colors/golden.png]
[avstechnolabs.com/Themeforest/Gaspar/01/Dark/assets/images/colors/magenta.png]
[avstechnolabs.com/Themeforest/Gaspar/01/Dark/assets/images/colors/yellowgreen.png]
[avstechnolabs.com/Themeforest/Gaspar/01/Dark/assets/images/colors/green.png]
[avstechnolabs.com/Themeforest/Gaspar/01/Dark/assets/images/colors/yellow.png]
[avstechnolabs.com/Themeforest/Gaspar/01/Dark/assets/images/profile/simple.jpg]
[avstechnolabs.com/Themeforest/Gaspar/01/Dark/assets/images/profile/glitch.jpg]
[avstechnolabs.com/Themeforest/Gaspar/01/Dark/assets/images/profile/partical.jpg]
[avstechnolabs.com/Themeforest/Gaspar/01/Dark/assets/images/profile/water.jpg]
[avstechnolabs.com/Themeforest/Gaspar/01/Dark/assets/images/profile/wrap.jpg]
[avstechnolabs.com/Themeforest/Gaspar/01/Dark/assets/images/protfolio/item-1.jpg]
[avstechnolabs.com/Themeforest/Gaspar/01/Dark/assets/images/protfolio/item-2.jpg]
[avstechnolabs.com/Themeforest/Gaspar/01/Dark/assets/images/protfolio/item-3.jpg]
[avstechnolabs.com/Themeforest/Gaspar/01/Dark/assets/images/protfolio/item-4.jpg]
[avstechnolabs.com/Themeforest/Gaspar/01/Dark/assets/images/protfolio/item-5.jpg]
[avstechnolabs.com/Themeforest/Gaspar/01/Dark/assets/images/protfolio/item-6.jpg]
[avstechnolabs.com/Themeforest/Gaspar/01/Dark/assets/images/protfolio/item-7.jpg]
[avstechnolabs.com/Themeforest/Gaspar/01/Dark/assets/images/protfolio/item-8.jpg]
[avstechnolabs.com/Themeforest/Gaspar/01/Dark/blog-page.html]
[avstechnolabs.com/Themeforest/Gaspar/01/Dark/assets/images/blog/01.jpg]
[avstechnolabs.com/Themeforest/Gaspar/01/Dark/assets/images/blog/02.jpg]
[avstechnolabs.com/Themeforest/Gaspar/01/Dark/assets/images/blog/03.jpg]
[avstechnolabs.com/Themeforest/Gaspar/01/Dark/assets/images/blog/04.jpg]
[avstechnolabs.com/Themeforest/Gaspar/01/Dark/assets/images/blog/05.jpg]
[avstechnolabs.com/Themeforest/Gaspar/01/Dark/assets/images/blog/06.jpg]
[avstechnolabs.com/Themeforest/Gaspar/01/Dark/assets/js/jquery.min.js]
[avstechnolabs.com/Themeforest/Gaspar/01/Dark/assets/js/bootstrap.bundle.min.js]
[avstechnolabs.com/Themeforest/Gaspar/01/Dark/assets/js/jquery.fancybox.min.js]
[avstechnolabs.com/Themeforest/Gaspar/01/Dark/assets/js/mixitup.min.js]
[avstechnolabs.com/Themeforest/Gaspar/01/Dark/assets/js/owl.carousel.min.js]
[avstechnolabs.com/Themeforest/Gaspar/01/Dark/assets/js/jquery.countdown.min.js]
[avstechnolabs.com/Themeforest/Gaspar/01/Dark/assets/js/wow.min.js]
[avstechnolabs.com/Themeforest/Gaspar/01/Dark/assets/js/color.js]
[avstechnolabs.com/Themeforest/Gaspar/01/Dark/assets/js/style.switch.js]
[avstechnolabs.com/Themeforest/Gaspar/01/Dark/assets/js/custom.js]
[avstechnolabs.com/Themeforest/Gaspar/01/Dark/index.html]
[avstechnolabs.com/Themeforest/Gaspar/01/Dark/assets/fonts/font.css]
[avstechnolabs.com/Themeforest/Gaspar/01/Dark/assets/webfonts/fa-brands-400.eot]
[avstechnolabs.com/Themeforest/Gaspar/01/Dark/assets/webfonts/fa-brands-400d41d.eot]
[avstechnolabs.com/Themeforest/Gaspar/01/Dark/assets/webfonts/fa-brands-400.woff2]
[avstechnolabs.com/Themeforest/Gaspar/01/Dark/assets/webfonts/fa-brands-400.woff]
[avstechnolabs.com/Themeforest/Gaspar/01/Dark/assets/webfonts/fa-brands-400.ttf]
[avstechnolabs.com/Themeforest/Gaspar/01/Dark/assets/webfonts/fa-regular-400.eot]
[avstechnolabs.com/Themeforest/Gaspar/01/Dark/assets/webfonts/fa-regular-400d41d.eot]
[avstechnolabs.com/Themeforest/Gaspar/01/Dark/assets/webfonts/fa-regular-400.woff2]
[avstechnolabs.com/Themeforest/Gaspar/01/Dark/assets/webfonts/fa-regular-400.woff]
[avstechnolabs.com/Themeforest/Gaspar/01/Dark/assets/webfonts/fa-regular-400.ttf]
[avstechnolabs.com/Themeforest/Gaspar/01/Dark/assets/webfonts/fa-solid-900.eot]
[avstechnolabs.com/Themeforest/Gaspar/01/Dark/assets/webfonts/fa-solid-900d41d.eot]
[avstechnolabs.com/Themeforest/Gaspar/01/Dark/assets/webfonts/fa-solid-900.woff2]
[avstechnolabs.com/Themeforest/Gaspar/01/Dark/assets/webfonts/fa-solid-900.woff]
[avstechnolabs.com/Themeforest/Gaspar/01/Dark/assets/webfonts/fa-solid-900.ttf]
[avstechnolabs.com/Themeforest/Gaspar/01/Dark/assets/css/all.css]
[avstechnolabs.com/Themeforest/Gaspar/01/Dark/assets/css/bootstrap.min.css]
[avstechnolabs.com/Themeforest/Gaspar/01/Dark/assets/css/owl.video.play.png]
[avstechnolabs.com/Themeforest/Gaspar/01/Dark/assets/css/owl.carousel.min.css]
[avstechnolabs.com/Themeforest/Gaspar/01/Dark/assets/css/jquery.fancybox.min.css]
[avstechnolabs.com/Themeforest/Gaspar/01/Dark/assets/css/animate.min.css]
[avstechnolabs.com/Themeforest/Gaspar/01/Dark/assets/css/colors.css]
[avstechnolabs.com/Themeforest/Gaspar/01/Dark/assets/css/styles.css]
[avstechnolabs.com/Themeforest/Gaspar/01/Dark/assets/css/colors/orange.css]
[avstechnolabs.com/Themeforest/Gaspar/01/Dark/assets/css/responsive.css]
[avstechnolabs.com/Themeforest/Gaspar/01/Dark/blog-page.html]
[avstechnolabs.com/Themeforest/Gaspar/01/Dark/index-2.html]
[avstechnolabs.com/Themeforest/Gaspar/01/Dark/assets/webfonts/fa-brands-400.svg]
[avstechnolabs.com/Themeforest/Gaspar/01/Dark/assets/webfonts/fa-regular-400.svg]
[avstechnolabs.com/Themeforest/Gaspar/01/Dark/assets/webfonts/fa-solid-900.svg]
[avstechnolabs.com/Themeforest/Gaspar/01/Dark/assets/css/owl.video.play.html]
[avstechnolabs.com/Themeforest/Gaspar/01/Dark/index-2.html]
